=== Auto-publish started at Thu Mar 19 02:15:01 PM UTC 2026 ===
[1/3] Running pipeline...
============================================================
Uutistenlukija Pipeline — 2026-03-19T14:15:02.804005+00:00
============================================================

📡 Vaihe 1: RSS-syötteiden skannaus...
[scanner] Fetching Yle Uutiset...
[scanner]   → 30 articles
[scanner] Fetching Iltalehti...
[scanner]   → 20 articles
[scanner] Fetching Ilta-Sanomat...
[scanner]   → 30 articles
[scanner] Fetching Turun Sanomat...
[scanner]   → 30 articles
[scanner] Fetching Kauppalehti...
[scanner]   → 10 articles
[scanner] Fetching Taloussanomat...
[scanner]   → 30 articles
[scanner] Fetching Yle Urheilu...
[scanner]   → 30 articles
[scanner] Fetching IS Urheilu...
[scanner]   → 30 articles
[scanner] Fetching Tekniikka & Talous...
[scanner]   → 10 articles
[scanner] Fetching Yle Tiede...
[scanner]   → 30 articles
[scanner] Fetching Yle Teknologia...
[scanner]   → 30 articles
[scanner] Fetching Yle Kulttuuri...
[scanner]   → 30 articles
[scanner] Fetching BBC World...
[scanner]   → 22 articles
[scanner] Fetching BBC Technology...
[scanner]   → 20 articles
[scanner] Fetching BBC Science...
[scanner]   → 30 articles
[scanner] Fetching The Guardian World...
[scanner]   → 30 articles
[scanner] Fetching TechCrunch...
[scanner]   → 0 articles
[scanner] Fetching Ars Technica...
[scanner]   → 0 articles
[scanner] Fetching Hacker News Best...
[scanner]   → 0 articles
[scanner] Fetching Der Spiegel International...
[scanner]   → 20 articles
[scanner] Fetching Science News...
[scanner]   → 0 articles
[scanner] Fuzzy dedup: 422 → 422 (dropped 0 near-dupes)
[scanner] Trending stories: 0
[scanner] Quotas: {'Kotimaa': 6, 'Ulkomaat': 5, 'Talous': 5, 'Teknologia': 4, 'Urheilu': 2, 'Kulttuuri': 2, 'Tiede': 1}
[scanner] Category distribution: {'Kotimaa': 6, 'Ulkomaat': 5, 'Talous': 4, 'Teknologia': 4, 'Urheilu': 2, 'Kulttuuri': 3, 'Tiede': 1}
[scanner] Total: 432 → Unique: 422 → Selected: 25

🔥 Vaihe 1b: Firehose-pollaus...
[firehose] Polling stream (since=20m, last_id=2-282122363)...
[firehose] Received 2 SSE events
[firehose] 0 events → 0 unique articles
[firehose] +0 articles from Firehose
[pipeline] RSS: 25 + Firehose new: 0 = 25 total

🔍 Vaihe 1b: Duplikaattien suodatus...
[dedup] 25 scanned → 18 new (7 duplicates filtered)

🔍 Vaihe 1c: Lähdeartikkelien haku (18 artikkelia)...
[research] (1/18) Yle Uutiset — 209 words fetched
[research] (2/18) Turun Sanomat — skipped (paywall/blocked/empty)
[research] (3/18) Yle Uutiset — 117 words fetched
[research] (4/18) Turun Sanomat — skipped (paywall/blocked/empty)
[research] (5/18) Yle Uutiset — 81 words fetched
[research] (6/18) The Guardian World — 509 words fetched
[research] (7/18) Taloussanomat — 123 words fetched
[research] (8/18) Taloussanomat — 52 words fetched
[research] (9/18) Yle Uutiset — 189 words fetched
[research] (10/18) Yle Uutiset — 158 words fetched
[research] (11/18) Iltalehti — 118 words fetched
[research] (12/18) Yle Uutiset — 163 words fetched
[research] (13/18) Yle Urheilu — 67 words fetched
[research] (14/18) Yle Urheilu — 340 words fetched
[research] (15/18) Turun Sanomat — skipped (paywall/blocked/empty)
[research] (16/18) Iltalehti — 199 words fetched
[research] (17/18) Yle Uutiset — 72 words fetched
[research] (18/18) Iltalehti — 