[2026-03-19T00:20:01Z] firehose_cron starting
[firehose] Polling stream (since=20m, last_id=none)...
[firehose] Received 4 SSE events
[firehose] 2 events → 2 unique articles
[
  {
    "title": "Starkki Oy Ab | Yritys- ja taloustiedot | Kauppalehti yrityshaku",
    "description": "",
    "link": "https://www.kauppalehti.fi/yritykset/yritys/15449812",
    "published": "2026-03-19T00:21:02.348868+00:00",
    "source": "Firehose",
    "language": "fi",
    "fingerprint": "bd7649e47379778721509a368d5620b347e88083195d3a42d9253c816cd48e55",
    "_url_hash": "d6b8252cdba2ce6267cd5e38a1568271fa004ae327a113507af4b74d6dd351db",
    "_normalized_url": "https://www.kauppalehti.fi/yritykset/yritys/15449812",
    "_source_type": "firehose",
    "_matched_rule": "update",
    "_page_category": ""
  },
  {
    "title": "LVBet Casino: vaihtuvia bonuksia > Katso kokemuksia! (2026)",
    "description": "",
    "link": "https://www.kasinoranking.com/nettikasinot/lvbet-casino/",
    "published": "2026-03-19T00:21:02.349299+00:00",
    "source": "Firehose",
    "language": "fi",
    "fingerprint": "5b69823effbb4d68104a01d92775cd535e3014f16d988525544c83be915c56f6",
    "_url_hash": "2c92d9971504e664bc8f05380b69baf096b56ec4b62650ca18dd67ee5cf25d41",
    "_normalized_url": "https://www.kasinoranking.com/nettikasinot/lvbet-casino",
    "_source_type": "firehose",
    "_matched_rule": "update",
    "_page_category": ""
  }
]

Total: 2 articles
[2026-03-19T00:21:02Z] No new content to commit
[2026-03-19T00:21:02Z] firehose_cron done
[2026-03-19T00:30:01Z] firehose_cron starting
[firehose] Polling stream (since=20m, last_id=2-278475697)...
[firehose] Received 7 SSE events
[firehose] 5 events → 5 unique articles
[
  {
    "title": "Kuparin valmistus | Kauppalehti yrityshaku",
    "description": "",
    "link": "https://www.kauppalehti.fi/yritykset/toimiala/CD_24440",
    "published": "2026-03-19T00:31:03.228633+00:00",
    "source": "Firehose",
    "language": "fi",
    "fingerprint": "a3d867975216cafa3cd65f3d51e26c78d9498ec61418e64669ef8198d7ed01ba",
    "_url_hash": "adec6734a306728b8f0f81ba85f22b8227347a6f17dd3a24cff9218f7f26730e",
    "_normalized_url": "https://www.kauppalehti.fi/yritykset/toimiala/CD_24440",
    "_source_type": "firehose",
    "_matched_rule": "update",
    "_page_category": ""
  },
  {
    "title": "Ab Närpes Trä & Metall - Oy Närpiön Puu ja Metalli | Yritys- ja taloustiedot | Kauppalehti yrityshaku",
    "description": "",
    "link": "https://www.kauppalehti.fi/yritykset/yritys/01813353",
    "published": "2026-03-19T00:31:03.229026+00:00",
    "source": "Firehose",
    "language": "fi",
    "fingerprint": "b51078d55a0b07f099f9b7374e4441a838f2d62984633f343501df1dde1f6291",
    "_url_hash": "f05183f5df06e6d26c0888b8b6476e0b8681155bb4a7fcceb3fd8b2b65ae26d5",
    "_normalized_url": "https://www.kauppalehti.fi/yritykset/yritys/01813353",
    "_source_type": "firehose",
    "_matched_rule": "update",
    "_page_category": ""
  },
  {
    "title": "Vesivek Tuotteet Oy | Yritys- ja taloustiedot | Kauppalehti yrityshaku",
    "description": "",
    "link": "https://www.kauppalehti.fi/yritykset/yritys/04326569",
    "published": "2026-03-19T00:31:03.229138+00:00",
    "source": "Firehose",
    "language": "fi",
    "fingerprint": "2ec7075dc299ccac3e0c2aeababe0cbc22c897606a99c2974ba740098db27fef",
    "_url_hash": "bf944e184bd19c625a46c65b64e0d94613673075b16fee8fdbbb8c75d01e1114",
    "_normalized_url": "https://www.kauppalehti.fi/yritykset/yritys/04326569",
    "_source_type": "firehose",
    "_matched_rule": "update",
    "_page_category": ""
  },
  {
    "title": "r3purpose | to everything there is a season",
    "description": "",
    "link": "http://www.r3purpose.com/",
    "published": "2026-03-19T00:31:03.229202+00:00",
    "source": "Firehose",
    "language": "fi",
    "fingerprint": "8e9bc88cc93dbb0a18041ab0b7a7b8b8aec9414fe594e42760554024b599431d",
    "_url_hash": "9c4ca8ef798d86eef44a31682db0aca7a8c67ea8eff0f30bac917a2f904c4cbf",
    "_normalized_url": "http://www.r3purpose.com/",
    "_source_type": "firehose",
    "_matched_rule": "update",
    "_page_category": ""
  },
  {
    "title": "HS 50 vuotta sitten | HS.fi",
    "description": "",
    "link": "https://www.hs.fi/historia/art-2000011855374.html",
    "published": "2026-03-19T00:31:03.229271+00:00",
    "source": "Firehose",
    "language": "fi",
    "fingerprint": "521018510ee23c1f36e624e86f6f866d82a624564178e734ef725d11b5530a73",
    "_url_hash": "41444f4994116ea61371642f64b268922b0f112e680c77b5ca33c42e38f64d63",
    "_normalized_url": "https://www.hs.fi/historia/art-2000011855374.html",
    "_source_type": "firehose",
    "_matched_rule": "update",
    "_page_category": ""
  }
]

Total: 5 articles
[2026-03-19T00:31:03Z] No new content to commit
[2026-03-19T00:31:03Z] firehose_cron done
[2026-03-19T00:40:01Z] firehose_cron starting
[firehose] Polling stream (since=20m, last_id=2-278549632)...
[firehose] Received 3 SSE events
[firehose] 1 events → 1 unique articles
[
  {
    "title": "Moottoriajoneuvojen korien valmistus; perävaunujen ja puoliperävaunujen valmistus Närpiö | Yritykset | Kauppalehti yrityshaku",
    "description": "",
    "link": "https://www.kauppalehti.fi/yritykset/paikkakunta/SC_545/toimiala/CD_29200",
    "published": "2026-03-19T00:41:02.891114+00:00",
    "source": "Firehose",
    "language": "fi",
    "fingerprint": "50722845bca857e2a6f8b11651a081cd84d509a306a5c3cb869d3471a4b368a6",
    "_url_hash": "8509e442227dcf177f5f4037834f9dcd39cfeebb71f2096e31588d571d02bfde",
    "_normalized_url": "https://www.kauppalehti.fi/yritykset/paikkakunta/SC_545/toimiala/CD_29200",
    "_source_type": "firehose",
    "_matched_rule": "update",
    "_page_category": ""
  }
]

Total: 1 articles
[2026-03-19T00:41:02Z] No new content to commit
[2026-03-19T00:41:02Z] firehose_cron done
[2026-03-19T00:50:01Z] firehose_cron starting
[firehose] Polling stream (since=20m, last_id=2-278574576)...
[firehose] Received 2 SSE events
[firehose] 0 events → 0 unique articles
[]

Total: 0 articles
[2026-03-19T00:51:02Z] No new content to commit
[2026-03-19T00:51:02Z] firehose_cron done
[2026-03-19T01:00:01Z] firehose_cron starting
[firehose] Polling stream (since=20m, last_id=2-278574576)...
[firehose] Received 7 SSE events
[firehose] 5 events → 5 unique articles
[
  {
    "title": "Muiden huonekalujen valmistus Nakkila | Yritykset | Kauppalehti yrityshaku",
    "description": "",
    "link": "https://www.kauppalehti.fi/yritykset/paikkakunta/SC_531/toimiala/CD_31090",
    "published": "2026-03-19T01:01:03.363862+00:00",
    "source": "Firehose",
    "language": "fi",
    "fingerprint": "a2e34c4798f754b69803f03977c13ef0a9ea5f8726e0b4673badc9268fd4d717",
    "_url_hash": "685a50564387a56d767685e847eccd547937cd0e40d58828df6f421522457149",
    "_normalized_url": "https://www.kauppalehti.fi/yritykset/paikkakunta/SC_531/toimiala/CD_31090",
    "_source_type": "firehose",
    "_matched_rule": "update",
    "_page_category": ""
  },
  {
    "title": "Kuusamon Juusto Oy | Yritys- ja taloustiedot | Kauppalehti yrityshaku",
    "description": "",
    "link": "https://www.kauppalehti.fi/yritykset/yritys/10599969",
    "published": "2026-03-19T01:01:03.364214+00:00",
    "source": "Firehose",
    "language": "fi",
    "fingerprint": "6917b8ccd458e6e7caaffe82dbcf17b8f24bdad93bdc16486dac640cfce7c1d9",
    "_url_hash": "5665e19e4da1afe5040f0c0229d241b01a800d6a82251c329c74602749afd35d",
    "_normalized_url": "https://www.kauppalehti.fi/yritykset/yritys/10599969",
    "_source_type": "firehose",
    "_matched_rule": "update",
    "_page_category": ""
  },
  {
    "title": "Autoyhtymä Valtonen Ky | Yritys- ja taloustiedot | Kauppalehti yrityshaku",
    "description": "",
    "link": "https://www.kauppalehti.fi/yritykset/yritys/04010695",
    "published": "2026-03-19T01:01:03.364322+00:00",
    "source": "Firehose",
    "language": "fi",
    "fingerprint": "570563a5ca840144aeea4449abb44cc4da0696df75cd7c137bfb3985b2da366f",
    "_url_hash": "31aa3049f29c8b6792b00f7a929586c3bf9da908a945fd065f039bb952a627ad",
    "_normalized_url": "https://www.kauppalehti.fi/yritykset/yritys/04010695",
    "_source_type": "firehose",
    "_matched_rule": "update",
    "_page_category": ""
  },
  {
    "title": "Nakkila Works Oy | Yritys- ja taloustiedot | Kauppalehti yrityshaku",
    "description": "",
    "link": "https://www.kauppalehti.fi/yritykset/yritys/01356404",
    "published": "2026-03-19T01:01:03.364396+00:00",
    "source": "Firehose",
    "language": "fi",
    "fingerprint": "cfc9ef449dc6c3c174ecdcc890415ee3768dd1cb551e73bdc45d600a18022f73",
    "_url_hash": "752983934f51bd43adbcdae064b4ef34cadec945b96b7307be6a6821365de5a2",
    "_normalized_url": "https://www.kauppalehti.fi/yritykset/yritys/01356404",
    "_source_type": "firehose",
    "_matched_rule": "update",
    "_page_category": ""
  },
  {
    "title": "Vanhat nettikasinot > Katso parhaat vanhimmat kasinot 2026!",
    "description": "",
    "link": "https://www.kasinoranking.com/artikkelit/vanhat-nettikasinot/",
    "published": "2026-03-19T01:01:03.364456+00:00",
    "source": "Firehose",
    "language": "fi",
    "fingerprint": "3ca0208a4d68542c15dc10e4ef05adc84b0c3e11743d904961a84a99608021ff",
    "_url_hash": "953731dad847a032fb25d0f85510775c19a37ac3760c935924faaf19c8b61c90",
    "_normalized_url": "https://www.kasinoranking.com/artikkelit/vanhat-nettikasinot",
    "_source_type": "firehose",
    "_matched_rule": "update",
    "_page_category": ""
  }
]

Total: 5 articles
[2026-03-19T01:01:03Z] No new content to commit
[2026-03-19T01:01:03Z] firehose_cron done
[2026-03-19T01:10:01Z] firehose_cron starting
[firehose] Polling stream (since=20m, last_id=2-278652218)...
[firehose] Received 8 SSE events
[firehose] 6 events → 6 unique articles
[
  {
    "title": "Jännitys odottaa – rainbet promo code avaa tien eksklusiivisiin etuihin ja suurempiin voittoihin kas – копія",
    "description": "",
    "link": "https://ypx.info.az/jannitys-odottaa-rainbet-promo-code-avaa-tien-eksklusiivisiin/",
    "published": "2026-03-19T01:11:03.212153+00:00",
    "source": "Firehose",
    "language": "fi",
    "fingerprint": "23f296c5f376cf74b37db683dc7ddc74ee1acc265e871b6030d1d63bb84a613d",
    "_url_hash": "396bfaf4d2c9972a47c207f83c499aebc85af2895aa8e12f964c4d14b738b15b",
    "_normalized_url": "https://ypx.info.az/jannitys-odottaa-rainbet-promo-code-avaa-tien-eksklusiivisiin",
    "_source_type": "firehose",
    "_matched_rule": "update",
    "_page_category": ""
  },
  {
    "title": "KYMEN MAANSIIRTO OY | Yritys- ja taloustiedot | Kauppalehti yrityshaku",
    "description": "",
    "link": "https://www.kauppalehti.fi/yritykset/yritys/05018007",
    "published": "2026-03-19T01:11:03.212467+00:00",
    "source": "Firehose",
    "language": "fi",
    "fingerprint": "0d4e8f5512fb961e9124b7e73aaedc4656aa3e00928d146f9e741f23be065d48",
    "_url_hash": "eef3ce3563749c26d4a32f6604d7abd7789bf26521dba2ff45f3eb358f79bb33",
    "_normalized_url": "https://www.kauppalehti.fi/yritykset/yritys/05018007",
    "_source_type": "firehose",
    "_matched_rule": "update",
    "_page_category": ""
  },
  {
    "title": "Riistaveden Osuuspankki | Yritys- ja taloustiedot | Kauppalehti yrityshaku",
    "description": "",
    "link": "https://www.kauppalehti.fi/yritykset/yritys/01714267",
    "published": "2026-03-19T01:11:03.212537+00:00",
    "source": "Firehose",
    "language": "fi",
    "fingerprint": "fad6b89f6f06ce208eaa5ec22ad2948c71fc4b2aada00dec75693a6587d98c37",
    "_url_hash": "0cfbdc6c46fe507410e34cb27c22f5c82e66c8493efaa1987659e090ba011f9e",
    "_normalized_url": "https://www.kauppalehti.fi/yritykset/yritys/01714267",
    "_source_type": "firehose",
    "_matched_rule": "update",
    "_page_category": ""
  },
  {
    "title": "A-Insinöörit Rakennuttaminen Oy | Yritys- ja taloustiedot | Kauppalehti yrityshaku",
    "description": "",
    "link": "https://www.kauppalehti.fi/yritykset/yritys/07945410",
    "published": "2026-03-19T01:11:03.212587+00:00",
    "source": "Firehose",
    "language": "fi",
    "fingerprint": "97eac1e0b7cf23e4f8044085192c07d66c928f82b7016172651ad24bfe809901",
    "_url_hash": "919ea513f5b7d78b57a4fcc3bbf30539aff388d81eaa7528195769bea0cb3f65",
    "_normalized_url": "https://www.kauppalehti.fi/yritykset/yritys/07945410",
    "_source_type": "firehose",
    "_matched_rule": "update",
    "_page_category": ""
  },
  {
    "title": "Oy Tamware Ab | Yritys- ja taloustiedot | Kauppalehti yrityshaku",
    "description": "",
    "link": "https://www.kauppalehti.fi/yritykset/yritys/02091647",
    "published": "2026-03-19T01:11:03.212639+00:00",
    "source": "Firehose",
    "language": "fi",
    "fingerprint": "1d2de94735badacbf5e531548c94cb3b683d2c0ace5735fea6d799ac49cfa8b9",
    "_url_hash": "47ded40154fca086940630f8e9ddc2b4f492ab251eeaeece75bb10a26e1c7770",
    "_normalized_url": "https://www.kauppalehti.fi/yritykset/yritys/02091647",
    "_source_type": "firehose",
    "_matched_rule": "update",
    "_page_category": ""
  }
]

Total: 6 articles
[2026-03-19T01:11:03Z] No new content to commit
[2026-03-19T01:11:03Z] firehose_cron done
[2026-03-19T01:20:01Z] firehose_cron starting
[firehose] Polling stream (since=20m, last_id=2-278686142)...
[firehose] Received 3 SSE events
[firehose] 1 events → 1 unique articles
[
  {
    "title": "Luokka: Kirjeet fandom – WIKIWIKI",
    "description": "",
    "link": "http://stageon.site/luokka-kirjeet-fandom/",
    "published": "2026-03-19T01:21:02.952845+00:00",
    "source": "Firehose",
    "language": "fi",
    "fingerprint": "27a803a145662b5ae4c44323ffbd12c51612d7ce23bc86ecfdb49c4398de7ea9",
    "_url_hash": "ee110844ab4a4f2a2a6165e49f0a6bafef13ff78c35c6996dec9b269d521aaa7",
    "_normalized_url": "http://stageon.site/luokka-kirjeet-fandom",
    "_source_type": "firehose",
    "_matched_rule": "update",
    "_page_category": ""
  }
]

Total: 1 articles
[2026-03-19T01:21:02Z] No new content to commit
[2026-03-19T01:21:02Z] firehose_cron done
[2026-03-19T01:30:01Z] firehose_cron starting
[firehose] Polling stream (since=20m, last_id=2-278730099)...
[firehose] Received 3 SSE events
[firehose] 1 events → 1 unique articles
[
  {
    "title": "Kierrätysvapaat ilmaiskierrokset 2026 > Kaikki listattuna!",
    "description": "",
    "link": "https://www.kasinoranking.com/ilmaiskierroksia/kierratysvapaat-ilmaiskierrokset/",
    "published": "2026-03-19T01:31:02.626893+00:00",
    "source": "Firehose",
    "language": "fi",
    "fingerprint": "1aeb7b3b41a87780a17b1a75aa4a7344c408213397f90fcd688b717770ca3f16",
    "_url_hash": "02ba17f76b23d3dd3a4242db371009f3f23da75893c1341cd32869f25e4ee8dd",
    "_normalized_url": "https://www.kasinoranking.com/ilmaiskierroksia/kierratysvapaat-ilmaiskierrokset",
    "_source_type": "firehose",
    "_matched_rule": "update",
    "_page_category": ""
  }
]

Total: 1 articles
[2026-03-19T01:31:02Z] No new content to commit
[2026-03-19T01:31:02Z] firehose_cron done
[2026-03-19T01:40:01Z] firehose_cron starting
[firehose] Polling stream (since=20m, last_id=2-278758803)...
[firehose] Received 9 SSE events
[firehose] 7 events → 6 unique articles
[
  {
    "title": "Kiinalaisyritys tekemässä läpimurron? 7 nm tekoälysirujen sanotaan valmistuvan omin voimin | Kauppalehti",
    "description": "",
    "link": "https://www.kauppalehti.fi/uutiset/a/be569983-1faa-4e8c-8dda-22483735f809",
    "published": "2026-03-19T01:41:02.271278+00:00",
    "source": "Firehose",
    "language": "fi",
    "fingerprint": "572be8cb9349fdb987e858e3b25f63840bfb1042859f75d3cd102823efbe3213",
    "_url_hash": "073ee7dfb9f4c3523ba712162336ecfdf8b5ebfbd7cfbd22fd049f1a1aedbcef",
    "_normalized_url": "https://www.kauppalehti.fi/uutiset/a/be569983-1faa-4e8c-8dda-22483735f809",
    "_source_type": "firehose",
    "_matched_rule": "update",
    "_page_category": ""
  },
  {
    "title": "Pohjolan Rengas Oy | Yritys- ja taloustiedot | Kauppalehti yrityshaku",
    "description": "",
    "link": "https://www.kauppalehti.fi/yritykset/yritys/01680554",
    "published": "2026-03-19T01:41:02.271626+00:00",
    "source": "Firehose",
    "language": "fi",
    "fingerprint": "2e86ec8f3f7cbcdc4fef8bbd40c35ca60d00a152049e503f88f1b63e9bccf3a5",
    "_url_hash": "9726f10718e7765268fe155b47631b872b18db0d202af9254d96d58d7025753f",
    "_normalized_url": "https://www.kauppalehti.fi/yritykset/yritys/01680554",
    "_source_type": "firehose",
    "_matched_rule": "update",
    "_page_category": ""
  },
  {
    "title": "Töysän Kenkätehdas Oy | Yritys- ja taloustiedot | Kauppalehti yrityshaku",
    "description": "",
    "link": "https://www.kauppalehti.fi/yritykset/yritys/01828168",
    "published": "2026-03-19T01:41:02.271770+00:00",
    "source": "Firehose",
    "language": "fi",
    "fingerprint": "f988b949ec64885608c3154dbaa792806ca0318260bcbe2a4998d0e59e944699",
    "_url_hash": "4197ded88ebb73486497952fdb61881b8b251f0c26837661d2e572217008ab85",
    "_normalized_url": "https://www.kauppalehti.fi/yritykset/yritys/01828168",
    "_source_type": "firehose",
    "_matched_rule": "update",
    "_page_category": ""
  },
  {
    "title": "Uulatuote Oy | Yritys- ja taloustiedot | Kauppalehti yrityshaku",
    "description": "",
    "link": "https://www.kauppalehti.fi/yritykset/yritys/02264544",
    "published": "2026-03-19T01:41:02.271842+00:00",
    "source": "Firehose",
    "language": "fi",
    "fingerprint": "a5751070ea1581595d90c78a3ce678bcf0e9c931e0b64678fff6dcea51300ce3",
    "_url_hash": "5768d8cf392e0a1c274e2d09fd69f3777873eef2b4dda6b974722566cb6a836a",
    "_normalized_url": "https://www.kauppalehti.fi/yritykset/yritys/02264544",
    "_source_type": "firehose",
    "_matched_rule": "update",
    "_page_category": ""
  },
  {
    "title": "Ennusteet - Anora Group (ANORA) | Pörssi | Kauppalehti",
    "description": "",
    "link": "https://www.kauppalehti.fi/porssi/porssikurssit/osake/ANORA/ennusteet",
    "published": "2026-03-19T01:41:02.271894+00:00",
    "source": "Firehose",
    "language": "fi",
    "fingerprint": "05cddf7debb61c9b6b554d45e07482a8f94ca11b447119da29b6c1878120c96a",
    "_url_hash": "624a4232f26ae5838a0e495f160bde495e1e531402e403e50e9facea11553004",
    "_normalized_url": "https://www.kauppalehti.fi/porssi/porssikurssit/osake/ANORA/ennusteet",
    "_source_type": "firehose",
    "_matched_rule": "update",
    "_page_category": ""
  }
]

Total: 6 articles
[2026-03-19T01:41:02Z] No new content to commit
[2026-03-19T01:41:02Z] firehose_cron done
[2026-03-19T01:50:01Z] firehose_cron starting
[firehose] Polling stream (since=20m, last_id=2-278796131)...
[firehose] Received 4 SSE events
[firehose] 2 events → 2 unique articles
[
  {
    "title": "EndRAT-haittaohjelma Poistoraportti",
    "description": "",
    "link": "https://www.enigmasoftware.com/fi/endratmalware-poistaminen/",
    "published": "2026-03-19T01:51:03.051865+00:00",
    "source": "Firehose",
    "language": "fi",
    "fingerprint": "876f0bcd6dc91d8d3432ee6ae824a9b373dbb1727e7ebdbac4be96bc465121ce",
    "_url_hash": "768a23f671327b846efeedd8726e26f058faa6ca569de0455c0125f9f93ace03",
    "_normalized_url": "https://www.enigmasoftware.com/fi/endratmalware-poistaminen",
    "_source_type": "firehose",
    "_matched_rule": "update",
    "_page_category": ""
  },
  {
    "title": "Noin 600 sotilasta menetti petinsä Yhdysvaltojen kalleimmalla sotalaivalla | HS.fi",
    "description": "",
    "link": "https://www.hs.fi/maailma/art-2000011889722.html",
    "published": "2026-03-19T01:51:03.052213+00:00",
    "source": "Firehose",
    "language": "fi",
    "fingerprint": "0b7b8b4968edc0d5bc254b013a3bec974186d4ecc0581b363b9b2d43a67f40c8",
    "_url_hash": "470d9339126e27f9727974a0e2fc35416419e15110bca6923f2fcd8d1c9f7529",
    "_normalized_url": "https://www.hs.fi/maailma/art-2000011889722.html",
    "_source_type": "firehose",
    "_matched_rule": "update",
    "_page_category": ""
  }
]

Total: 2 articles
[2026-03-19T01:51:03Z] No new content to commit
[2026-03-19T01:51:03Z] firehose_cron done
[2026-03-19T02:00:01Z] firehose_cron starting
[firehose] Polling stream (since=20m, last_id=2-278836663)...
[firehose] Received 9 SSE events
[firehose] 7 events → 7 unique articles
[
  {
    "title": "Jalkineiden valmistus Alavus | Yritykset | Kauppalehti yrityshaku",
    "description": "",
    "link": "https://www.kauppalehti.fi/yritykset/paikkakunta/SC_010/toimiala/CD_15200",
    "published": "2026-03-19T02:01:02.879018+00:00",
    "source": "Firehose",
    "language": "fi",
    "fingerprint": "f85f4400c25298cd84b5f92f42fe893c6a8ce6cb0e4d2d5d522158409843169c",
    "_url_hash": "0006cae51426c9c04f670cc478e9216330eb3bed29a4af802f8d586ac282b9f8",
    "_normalized_url": "https://www.kauppalehti.fi/yritykset/paikkakunta/SC_010/toimiala/CD_15200",
    "_source_type": "firehose",
    "_matched_rule": "update",
    "_page_category": ""
  },
  {
    "title": "Tyly karanteenihuijaus leviää – On hyvin tärkeää, että tiedät, mistä on kyse | Tivi",
    "description": "",
    "link": "https://www.tivi.fi/uutiset/a/6147dee4-a862-4032-bb18-e17a183cd03e",
    "published": "2026-03-19T02:01:02.879209+00:00",
    "source": "Firehose",
    "language": "fi",
    "fingerprint": "e82c564f0b4f50b5ed433b0cc7f8a103c9dd0b726bab5acf4597b947de7efb45",
    "_url_hash": "eef4700d674cedbff7b3c2e539af14349b76bc3cdca10d9a7887f8fce1376481",
    "_normalized_url": "https://www.tivi.fi/uutiset/a/6147dee4-a862-4032-bb18-e17a183cd03e",
    "_source_type": "firehose",
    "_matched_rule": "update",
    "_page_category": ""
  },
  {
    "title": "EndRAT Malware Ulat sa Pag-alis",
    "description": "",
    "link": "https://www.enigmasoftware.com/tl/endratmalware-alisin/",
    "published": "2026-03-19T02:01:02.879254+00:00",
    "source": "Firehose",
    "language": "fi",
    "fingerprint": "9fbc566ae7fefb0298752ebe02f25950ffaf051e40150c10ac823f1e378fffa0",
    "_url_hash": "c0bd8d5c998be6030c1d6b213a6118fb9fd9be79aa8fd85131619cd6d6bcb2fd",
    "_normalized_url": "https://www.enigmasoftware.com/tl/endratmalware-alisin",
    "_source_type": "firehose",
    "_matched_rule": "update",
    "_page_category": ""
  },
  {
    "title": "Eurooppa ei halua osallistua Iranin sotaan, mutta sota vaikuttaa täällä jo nyt | HS.fi",
    "description": "",
    "link": "https://www.hs.fi/kirjeenvaihtajat/art-2000011882652.html",
    "published": "2026-03-19T02:01:02.879281+00:00",
    "source": "Firehose",
    "language": "fi",
    "fingerprint": "9595a91311ab958ebf3d0e47a93fd4a42e063abd1bd8c549512d599cc8fd5304",
    "_url_hash": "cd94711150764d9c5f4152cd9d9a8d6b29ef6b01e08e875241f632997e7c8eb5",
    "_normalized_url": "https://www.hs.fi/kirjeenvaihtajat/art-2000011882652.html",
    "_source_type": "firehose",
    "_matched_rule": "update",
    "_page_category": ""
  },
  {
    "title": "Mikä elokuva sai parhaan elokuvan Oscarin vuonna 2026? Tyylilajina kenties kaaoskomedia! | HS.fi",
    "description": "",
    "link": "https://www.hs.fi/pelit/art-2000011887137.html",
    "published": "2026-03-19T02:01:02.879304+00:00",
    "source": "Firehose",
    "language": "fi",
    "fingerprint": "a028389148d26948f185929861d408bf89ff89110076b74244f0c12c666a193f",
    "_url_hash": "d3f81c92f163bdc1a3653210ddd1e8dc8420a9bd12c1309f2b303cdaa870173c",
    "_normalized_url": "https://www.hs.fi/pelit/art-2000011887137.html",
    "_source_type": "firehose",
    "_matched_rule": "update",
    "_page_category": ""
  }
]

Total: 7 articles
[2026-03-19T02:01:02Z] No new content to commit
[2026-03-19T02:01:02Z] firehose_cron done
[2026-03-19T02:10:01Z] firehose_cron starting
[firehose] Polling stream (since=20m, last_id=2-278918367)...
[firehose] Received 3 SSE events
[firehose] 1 events → 1 unique articles
[
  {
    "title": "Lehdet | Kauppalehti",
    "description": "",
    "link": "https://www.kauppalehti.fi/lehti/kauppalehti-19032026",
    "published": "2026-03-19T02:11:02.516927+00:00",
    "source": "Firehose",
    "language": "fi",
    "fingerprint": "3c3b903ddc85ee2969ae9f1219b292a1e4289490a2fcc39fe5cc72f0e564e8d5",
    "_url_hash": "2d02543d4f2e1ff1fa336f193efafc43da20f3b4f03d084ae46d393179807fb4",
    "_normalized_url": "https://www.kauppalehti.fi/lehti/kauppalehti-19032026",
    "_source_type": "firehose",
    "_matched_rule": "update",
    "_page_category": ""
  }
]

Total: 1 articles
[2026-03-19T02:11:02Z] No new content to commit
[2026-03-19T02:11:02Z] firehose_cron done
[2026-03-19T02:20:02Z] firehose_cron starting
[firehose] Polling stream (since=20m, last_id=2-278948848)...
[firehose] Received 4 SSE events
[firehose] 2 events → 2 unique articles
[
  {
    "title": "Valitse uusi kasino! Parhaat uudet nettikasinot maaliskuu 2026",
    "description": "",
    "link": "https://www.kasinoranking.com/uudet-nettikasinot/",
    "published": "2026-03-19T02:21:03.220389+00:00",
    "source": "Firehose",
    "language": "fi",
    "fingerprint": "72142792bdd9ce86d8a65b11891fbccf888a26ca28543166f6cd1b2664aa5233",
    "_url_hash": "4b4cc321c684fcc80bff3666ce5307749249574ad801b485f7c8c5a3a6ec9760",
    "_normalized_url": "https://www.kasinoranking.com/uudet-nettikasinot",
    "_source_type": "firehose",
    "_matched_rule": "update",
    "_page_category": ""
  },
  {
    "title": "Joutsenten yö | Siskola",
    "description": "",
    "link": "https://www.siskola.fi/joutsenten-yo/",
    "published": "2026-03-19T02:21:03.220852+00:00",
    "source": "Firehose",
    "language": "fi",
    "fingerprint": "fd8fbe826c827e9335dce4c9623928c8ca79f7b42a27f2409540fad76e19245e",
    "_url_hash": "e9b65c218163657aad1b9303c2f839d2876f62c1ecf37552d9945c2eb614977a",
    "_normalized_url": "https://www.siskola.fi/joutsenten-yo",
    "_source_type": "firehose",
    "_matched_rule": "update",
    "_page_category": ""
  }
]

Total: 2 articles
[2026-03-19T02:21:03Z] No new content to commit
[2026-03-19T02:21:03Z] firehose_cron done
[2026-03-19T02:30:01Z] firehose_cron starting
[firehose] Polling stream (since=20m, last_id=2-279011129)...
[firehose] Received 7 SSE events
[firehose] 5 events → 5 unique articles
[
  {
    "title": "Jopa 75 Ilmaispyöräytystä | Power Slots",
    "description": "",
    "link": "https://www.powerslots.com/promotion/mummysjewels100slotgamemarch2026/",
    "published": "2026-03-19T02:31:02.984000+00:00",
    "source": "Firehose",
    "language": "fi",
    "fingerprint": "6b122cfc44fecfee3812558edfc545a2255997ddf513a2a79ec25ff0a0afde38",
    "_url_hash": "25b164fd10e3f7a3b00f22c7cedfed39f694adba0cf8a7e45d72539bf20ca90a",
    "_normalized_url": "https://www.powerslots.com/promotion/mummysjewels100slotgamemarch2026",
    "_source_type": "firehose",
    "_matched_rule": "update",
    "_page_category": ""
  },
  {
    "title": "Alfa Mobility Finland Oy | Yritys- ja taloustiedot | Kauppalehti yrityshaku",
    "description": "",
    "link": "https://www.kauppalehti.fi/yritykset/yritys/20495362",
    "published": "2026-03-19T02:31:02.984191+00:00",
    "source": "Firehose",
    "language": "fi",
    "fingerprint": "53a07579d3db2efe5f8450c863d35e3f8b22528d8755def171b746dc31fe2df4",
    "_url_hash": "8a0309b0736491522203ba03bf2257c7759f327b25588419b7c3accbca2663f9",
    "_normalized_url": "https://www.kauppalehti.fi/yritykset/yritys/20495362",
    "_source_type": "firehose",
    "_matched_rule": "update",
    "_page_category": ""
  },
  {
    "title": "Nammo Lapua Oy | Yritys- ja taloustiedot | Kauppalehti yrityshaku",
    "description": "",
    "link": "https://www.kauppalehti.fi/yritykset/yritys/14911323",
    "published": "2026-03-19T02:31:02.984226+00:00",
    "source": "Firehose",
    "language": "fi",
    "fingerprint": "a450b822dd32914193e71cf12307d027dbd4aa79daab8816f2d0861a7689bc65",
    "_url_hash": "b1228a14d9dfdf8e9192751234a1bde751070a11b91190a9e2c018724be8c1b5",
    "_normalized_url": "https://www.kauppalehti.fi/yritykset/yritys/14911323",
    "_source_type": "firehose",
    "_matched_rule": "update",
    "_page_category": ""
  },
  {
    "title": "I-Download Ang Delta Executor Update Na V2.713 [OFFICIAL 2026]",
    "description": "",
    "link": "https://deltaexecutr.ph/",
    "published": "2026-03-19T02:31:02.984251+00:00",
    "source": "Firehose",
    "language": "fi",
    "fingerprint": "b767f85026b8cd6d3c26e4dc0df07cb8585572bf6da2b160e16ca892a6f49a13",
    "_url_hash": "3f483b20863f9dee41932323a4fb8f3aa0d095d0f02337cb16ad63c71e3da64a",
    "_normalized_url": "https://deltaexecutr.ph/",
    "_source_type": "firehose",
    "_matched_rule": "update",
    "_page_category": ""
  },
  {
    "title": "r3purpose | to everything there is a season",
    "description": "",
    "link": "http://www.r3purpose.com/",
    "published": "2026-03-19T02:31:02.984278+00:00",
    "source": "Firehose",
    "language": "fi",
    "fingerprint": "8e9bc88cc93dbb0a18041ab0b7a7b8b8aec9414fe594e42760554024b599431d",
    "_url_hash": "9c4ca8ef798d86eef44a31682db0aca7a8c67ea8eff0f30bac917a2f904c4cbf",
    "_normalized_url": "http://www.r3purpose.com/",
    "_source_type": "firehose",
    "_matched_rule": "update",
    "_page_category": ""
  }
]

Total: 5 articles
[2026-03-19T02:31:02Z] No new content to commit
[2026-03-19T02:31:02Z] firehose_cron done
[2026-03-19T02:40:01Z] firehose_cron starting
[firehose] Polling stream (since=20m, last_id=2-279042791)...
[firehose] Received 5 SSE events
[firehose] 3 events → 3 unique articles
[
  {
    "title": "Neve Oy | Yritys- ja taloustiedot | Kauppalehti yrityshaku",
    "description": "",
    "link": "https://www.kauppalehti.fi/yritykset/yritys/07309051",
    "published": "2026-03-19T02:41:02.671660+00:00",
    "source": "Firehose",
    "language": "fi",
    "fingerprint": "31d29bb2fa473c09e7c5dccc7152bee5aed26300301d5c376a2ba972915f1a39",
    "_url_hash": "99ed23046739cdc4e1bdaa0b0ed2bb0226dc76479873a06a6fa9f5745e905c4a",
    "_normalized_url": "https://www.kauppalehti.fi/yritykset/yritys/07309051",
    "_source_type": "firehose",
    "_matched_rule": "update",
    "_page_category": ""
  },
  {
    "title": "24-7 Group Oy | Yritys- ja taloustiedot | Kauppalehti yrityshaku",
    "description": "",
    "link": "https://www.kauppalehti.fi/yritykset/yritys/20185321",
    "published": "2026-03-19T02:41:02.672097+00:00",
    "source": "Firehose",
    "language": "fi",
    "fingerprint": "4f8732ee7b6b447d82534abbe9058754a7e73c5950e918eae2baeae5466face0",
    "_url_hash": "d115186ab89e1e664efa9931a0562e00113c892d603f6ac2b62f3fc2c0d11450",
    "_normalized_url": "https://www.kauppalehti.fi/yritykset/yritys/20185321",
    "_source_type": "firehose",
    "_matched_rule": "update",
    "_page_category": ""
  },
  {
    "title": "Lehdet | Kauppalehti",
    "description": "",
    "link": "https://www.kauppalehti.fi/lehti/kauppalehti-13072022",
    "published": "2026-03-19T02:41:02.672182+00:00",
    "source": "Firehose",
    "language": "fi",
    "fingerprint": "3c3b903ddc85ee2969ae9f1219b292a1e4289490a2fcc39fe5cc72f0e564e8d5",
    "_url_hash": "56b1e6980a7ab204ac42a2c53620cd3a7e3f0e289c40d248139d4057fbdcf628",
    "_normalized_url": "https://www.kauppalehti.fi/lehti/kauppalehti-13072022",
    "_source_type": "firehose",
    "_matched_rule": "update",
    "_page_category": ""
  }
]

Total: 3 articles
[2026-03-19T02:41:02Z] No new content to commit
[2026-03-19T02:41:02Z] firehose_cron done
[2026-03-19T02:50:01Z] firehose_cron starting
[firehose] Polling stream (since=20m, last_id=2-279078485)...
[firehose] Received 2 SSE events
[firehose] 0 events → 0 unique articles
[]

Total: 0 articles
[2026-03-19T02:51:02Z] No new content to commit
[2026-03-19T02:51:02Z] firehose_cron done
[2026-03-19T03:00:01Z] firehose_cron starting
[firehose] Polling stream (since=20m, last_id=2-279078485)...
[firehose] Received 5 SSE events
[firehose] 3 events → 3 unique articles
[
  {
    "title": "Ruoppaus P. Suominen Oy | Yritys- ja taloustiedot | Kauppalehti yrityshaku",
    "description": "",
    "link": "https://www.kauppalehti.fi/yritykset/yritys/03484127",
    "published": "2026-03-19T03:01:03.204277+00:00",
    "source": "Firehose",
    "language": "fi",
    "fingerprint": "dab93db8d468e7136c71e0b65472bc5e92a3731238f70836bb3ec3bb706dde43",
    "_url_hash": "f88f68167ff7822d02a54f7ff5c9c6e47cf44b1c190e020715b968c7bdcf1175",
    "_normalized_url": "https://www.kauppalehti.fi/yritykset/yritys/03484127",
    "_source_type": "firehose",
    "_matched_rule": "update",
    "_page_category": ""
  },
  {
    "title": "Coronaria Kuntoutuspalvelut Oy | Yritys- ja taloustiedot | Kauppalehti yrityshaku",
    "description": "",
    "link": "https://www.kauppalehti.fi/yritykset/yritys/27708009",
    "published": "2026-03-19T03:01:03.204648+00:00",
    "source": "Firehose",
    "language": "fi",
    "fingerprint": "ace227d763a4d5c4bee5fd68ca045616bf35082f899d259931f9e4a23bbf0297",
    "_url_hash": "18bd505ea195615b11f0562dd6a66cfbd3ba3fd25548b9916f4739f137f76a81",
    "_normalized_url": "https://www.kauppalehti.fi/yritykset/yritys/27708009",
    "_source_type": "firehose",
    "_matched_rule": "update",
    "_page_category": ""
  },
  {
    "title": "Elektrorakenne Oy | Yritys- ja taloustiedot | Kauppalehti yrityshaku",
    "description": "",
    "link": "https://www.kauppalehti.fi/yritykset/yritys/01075856",
    "published": "2026-03-19T03:01:03.204800+00:00",
    "source": "Firehose",
    "language": "fi",
    "fingerprint": "c942a6744d1f7798c7edcf5c8e74f5a93f1204b3ca66dddf583a88fbdcd74238",
    "_url_hash": "f85df9399411089a1e29cbb171a868a174df2a7c0d4b7a545b34319708548221",
    "_normalized_url": "https://www.kauppalehti.fi/yritykset/yritys/01075856",
    "_source_type": "firehose",
    "_matched_rule": "update",
    "_page_category": ""
  }
]

Total: 3 articles
[2026-03-19T03:01:03Z] No new content to commit
[2026-03-19T03:01:03Z] firehose_cron done
[2026-03-19T03:10:01Z] firehose_cron starting
[firehose] Polling stream (since=20m, last_id=2-279135791)...
[firehose] Received 4 SSE events
[firehose] 2 events → 2 unique articles
[
  {
    "title": "Voinko valita talvirenkaikseni kitkarenkaat, kun ajokokemukseni on vähäinen? / Nokian Renkaat",
    "description": "",
    "link": "https://www.nokianrenkaat.fi/asiakaspalvelu/renkaiden-hankinta/nastat-vai-kitkat/voinko-valita-talvirenkaikseni-kitkarenkaat-kun-ajokokemukseni-on-vahainen/",
    "published": "2026-03-19T03:11:02.977015+00:00",
    "source": "Firehose",
    "language": "fi",
    "fingerprint": "16edfe3608082524eaf5f12433ad3792f006848c5f61fd0aac4944a2c2af1598",
    "_url_hash": "182e49455ca8cca36dc168a3296871bfdb577bf9a5e6ddefcd38371356b6f9e6",
    "_normalized_url": "https://www.nokianrenkaat.fi/asiakaspalvelu/renkaiden-hankinta/nastat-vai-kitkat/voinko-valita-talvirenkaikseni-kitkarenkaat-kun-ajokokemukseni-on-vahainen",
    "_source_type": "firehose",
    "_matched_rule": "update",
    "_page_category": ""
  },
  {
    "title": "Olvi Oyj (OLVAS) | Pörssi | Kauppalehti",
    "description": "",
    "link": "https://www.kauppalehti.fi/porssi/porssikurssit/osake/XHEL/OLVAS",
    "published": "2026-03-19T03:11:02.977233+00:00",
    "source": "Firehose",
    "language": "fi",
    "fingerprint": "b8a988c487fb1bc37bfa55e4e18b8b60853a626a9f8cfbbbfe6755f7d13605a1",
    "_url_hash": "0418204f35cc1f979eb1b2d6214c43bf13715ddd02f020ec5e60f1353ecb4b2a",
    "_normalized_url": "https://www.kauppalehti.fi/porssi/porssikurssit/osake/XHEL/OLVAS",
    "_source_type": "firehose",
    "_matched_rule": "update",
    "_page_category": ""
  }
]

Total: 2 articles
[2026-03-19T03:11:02Z] No new content to commit
[2026-03-19T03:11:02Z] firehose_cron done
[2026-03-19T03:20:01Z] firehose_cron starting
[firehose] Polling stream (since=20m, last_id=2-279190209)...
[firehose] Received 3 SSE events
[firehose] 1 events → 1 unique articles
[
  {
    "title": "Äänenkäytön ja esiintymisen koulutus • MBody.info – Kehonhuollon blogi",
    "description": "",
    "link": "https://mbody.info/aanenkayton-ja-esiintymisen-koulutus/",
    "published": "2026-03-19T03:21:02.757489+00:00",
    "source": "Firehose",
    "language": "fi",
    "fingerprint": "ef78a159f1a08fedab13bb48f2e953ba9d546b4768c39a27f85edcfcd2656212",
    "_url_hash": "d4dbdee8ebd2e35c45672e22970417eb5ac1a9a1d7dffd675ad92d08cd9bd720",
    "_normalized_url": "https://mbody.info/aanenkayton-ja-esiintymisen-koulutus",
    "_source_type": "firehose",
    "_matched_rule": "update",
    "_page_category": ""
  }
]

Total: 1 articles
[2026-03-19T03:21:02Z] No new content to commit
[2026-03-19T03:21:02Z] firehose_cron done
[2026-03-19T03:30:01Z] firehose_cron starting
[firehose] Polling stream (since=20m, last_id=2-279223537)...
[firehose] Received 5 SSE events
[firehose] 3 events → 3 unique articles
[
  {
    "title": "Sairauskassa Komet | Yritys- ja taloustiedot | Kauppalehti yrityshaku",
    "description": "",
    "link": "https://www.kauppalehti.fi/yritykset/yritys/02830614",
    "published": "2026-03-19T03:31:05.419013+00:00",
    "source": "Firehose",
    "language": "fi",
    "fingerprint": "879528098d701ca00aa067b15673f09f840ad58e3c8c72da2af50b7f2d1c7223",
    "_url_hash": "9ff5d236f4ee0596e2b76545a9c38bda51227828087d9bee0039e5cc1f74763b",
    "_normalized_url": "https://www.kauppalehti.fi/yritykset/yritys/02830614",
    "_source_type": "firehose",
    "_matched_rule": "update",
    "_page_category": ""
  },
  {
    "title": "Kajaanin Musiikki Oy | Yritys- ja taloustiedot | Kauppalehti yrityshaku",
    "description": "",
    "link": "https://www.kauppalehti.fi/yritykset/yritys/04242218",
    "published": "2026-03-19T03:31:05.419223+00:00",
    "source": "Firehose",
    "language": "fi",
    "fingerprint": "bc9032e61022da8cfc37a25c444ce2613d6a46e8fe3f8ed4eeabcb5f4f4e6645",
    "_url_hash": "864fcba59b79714b5505deed98e654ac2718a9f41d643a536213d2d39dbcd8d1",
    "_normalized_url": "https://www.kauppalehti.fi/yritykset/yritys/04242218",
    "_source_type": "firehose",
    "_matched_rule": "update",
    "_page_category": ""
  },
  {
    "title": "MAANRAKENNUS SAKARI MARTIMO KY | Yritys- ja taloustiedot | Kauppalehti yrityshaku",
    "description": "",
    "link": "https://www.kauppalehti.fi/yritykset/yritys/04606536",
    "published": "2026-03-19T03:31:05.419257+00:00",
    "source": "Firehose",
    "language": "fi",
    "fingerprint": "e978fbbab2b995b8c8e6bc5e93fd94f711e4d96bbb9e17db6bb711094db69875",
    "_url_hash": "a676ce13f54873033a7d9a9a8b1bc7e1c56e28c301f039edb6835a1f32a0979d",
    "_normalized_url": "https://www.kauppalehti.fi/yritykset/yritys/04606536",
    "_source_type": "firehose",
    "_matched_rule": "update",
    "_page_category": ""
  }
]

Total: 3 articles
[2026-03-19T03:31:05Z] No new content to commit
[2026-03-19T03:31:05Z] firehose_cron done
[2026-03-19T03:40:01Z] firehose_cron starting
[firehose] Polling stream (since=20m, last_id=2-279242913)...
[firehose] Received 6 SSE events
[firehose] 4 events → 4 unique articles
[
  {
    "title": "Pääkirjoitus: Itsenäinen suomalainen keksijänero osoittautui myytiksi – Todellisuus on aivan muuta | Tekniikka&Talous",
    "description": "",
    "link": "https://www.tekniikkatalous.fi/uutiset/a/9ac29e8a-09d8-4d97-a79b-64a3dd637efb",
    "published": "2026-03-19T03:41:03.431073+00:00",
    "source": "Firehose",
    "language": "fi",
    "fingerprint": "5b18686a906eadf6ce8ed8e77c93d97bbd47d91e3dbee26a15847e5b58aad825",
    "_url_hash": "faf2732f767c8291f4893fc3a6619a8b408bd4f15e2e2651c759c82448030c83",
    "_normalized_url": "https://www.tekniikkatalous.fi/uutiset/a/9ac29e8a-09d8-4d97-a79b-64a3dd637efb",
    "_source_type": "firehose",
    "_matched_rule": "update",
    "_page_category": ""
  },
  {
    "title": "Soittimien ja musiikkitarvikkeiden vähittäiskauppa Kajaani | Yritykset | Kauppalehti yrityshaku",
    "description": "",
    "link": "https://www.kauppalehti.fi/yritykset/paikkakunta/SC_205/toimiala/CD_47595",
    "published": "2026-03-19T03:41:03.431432+00:00",
    "source": "Firehose",
    "language": "fi",
    "fingerprint": "f16c506a61f522ac9031de0f1b22f8f46d1a2eb48cbb83b35001d67c79fd585c",
    "_url_hash": "8440397fd5364c8eda0bb5cd51896338f968a95057662490b72f83eb046b6637",
    "_normalized_url": "https://www.kauppalehti.fi/yritykset/paikkakunta/SC_205/toimiala/CD_47595",
    "_source_type": "firehose",
    "_matched_rule": "update",
    "_page_category": ""
  },
  {
    "title": "Vihannesten viljely kasvihuoneessa Teuva | Yritykset | Kauppalehti yrityshaku",
    "description": "",
    "link": "https://www.kauppalehti.fi/yritykset/paikkakunta/SC_846/toimiala/CD_01132",
    "published": "2026-03-19T03:41:03.431521+00:00",
    "source": "Firehose",
    "language": "fi",
    "fingerprint": "fa5cb502d1baf46c1cad2859aab41489e4424d127b8ae3a460754c4c679437f4",
    "_url_hash": "523daf4aedf9dcac3b1edaae8ecc78fec9932f610279434ddbf208cc6ddd3781",
    "_normalized_url": "https://www.kauppalehti.fi/yritykset/paikkakunta/SC_846/toimiala/CD_01132",
    "_source_type": "firehose",
    "_matched_rule": "update",
    "_page_category": ""
  },
  {
    "title": "Parhaat nettikasinot | Listasimme parhaat kasinot 2026",
    "description": "",
    "link": "https://kasinon.live/",
    "published": "2026-03-19T03:41:03.431589+00:00",
    "source": "Firehose",
    "language": "fi",
    "fingerprint": "6ae27e6a040ee81b3a46d94ee221217b62f7a1ccd933d42738924fd49ed8f990",
    "_url_hash": "ed92f82925f551c4c7f6ec88c1379f5d70bf3e07098505bf20338a5d386c53e0",
    "_normalized_url": "https://kasinon.live/",
    "_source_type": "firehose",
    "_matched_rule": "update",
    "_page_category": ""
  }
]

Total: 4 articles
[2026-03-19T03:41:03Z] No new content to commit
[2026-03-19T03:41:03Z] firehose_cron done
[2026-03-19T03:50:01Z] firehose_cron starting
[firehose] Polling stream (since=20m, last_id=2-279312676)...
[firehose] Received 3 SSE events
[firehose] 1 events → 1 unique articles
[
  {
    "title": "Mikro- ja makroskaavan yhteys suomalaisessa luonnossa – bambuhay rebump 2025",
    "description": "",
    "link": "https://rebump.bambuhay.ph/mikro-ja-makroskaavan-yhteys-suomalaisessa-luonnossa/",
    "published": "2026-03-19T03:51:03.158642+00:00",
    "source": "Firehose",
    "language": "fi",
    "fingerprint": "d134b6fa879f873f19dd4c1bde465ce94d2b5270c470e9ce71bb54c10bf0b915",
    "_url_hash": "07201510557c298ed5ea2747ab9182627cbe35b29f3e52b6e26123ed56c13de4",
    "_normalized_url": "https://rebump.bambuhay.ph/mikro-ja-makroskaavan-yhteys-suomalaisessa-luonnossa",
    "_source_type": "firehose",
    "_matched_rule": "update",
    "_page_category": ""
  }
]

Total: 1 articles
[2026-03-19T03:51:03Z] No new content to commit
[2026-03-19T03:51:03Z] firehose_cron done
[2026-03-19T04:00:01Z] firehose_cron starting
[firehose] Polling stream (since=20m, last_id=2-279334356)...
[firehose] Received 4 SSE events
[firehose] 2 events → 2 unique articles
[
  {
    "title": "Luotettavat nettikasinot suomalaisille 2026 | Kaikki kasinot testattu",
    "description": "",
    "link": "https://kasinopelaajat.com/",
    "published": "2026-03-19T04:01:02.864093+00:00",
    "source": "Firehose",
    "language": "fi",
    "fingerprint": "94c8f79913cd21f6f8a66312c4a1cbed94e9a12e3424daec95191c181e7e2513",
    "_url_hash": "7bb6d56b2142ab07ee540984be22ab247e9c7af12bdfeb79f5be14acff3469c6",
    "_normalized_url": "https://kasinopelaajat.com/",
    "_source_type": "firehose",
    "_matched_rule": "update",
    "_page_category": ""
  },
  {
    "title": "Maailman parhaat haukipihvit - klassinen suomalainen resepti",
    "description": "",
    "link": "https://listamaailma.fi/2026/03/19/maailman-parhaat-haukipihvit/",
    "published": "2026-03-19T04:01:02.864526+00:00",
    "source": "Firehose",
    "language": "fi",
    "fingerprint": "b59345e21dd5f4cae6362dbecf943a810621502e8994789dd2aef2281ccd9da2",
    "_url_hash": "bf1bfdc09b0716199bfb4ebfb02f9f20d8e0c8f142b96f57b495abcb9d634890",
    "_normalized_url": "https://listamaailma.fi/2026/03/19/maailman-parhaat-haukipihvit",
    "_source_type": "firehose",
    "_matched_rule": "update",
    "_page_category": ""
  }
]

Total: 2 articles
[2026-03-19T04:01:02Z] No new content to commit
[2026-03-19T04:01:02Z] firehose_cron done
[2026-03-19T04:10:01Z] firehose_cron starting
[firehose] Polling stream (since=20m, last_id=2-279403825)...
[firehose] Received 3 SSE events
[firehose] 1 events → 1 unique articles
[
  {
    "title": "KMV-Tilitaito Oy | Yritys- ja taloustiedot | Kauppalehti yrityshaku",
    "description": "",
    "link": "https://www.kauppalehti.fi/yritykset/yritys/20775006",
    "published": "2026-03-19T04:11:02.511113+00:00",
    "source": "Firehose",
    "language": "fi",
    "fingerprint": "29a710b208d852728d7c1886fffad45663190b4280c6c1ff1220d968a3d038c7",
    "_url_hash": "b3a9790eb617fc832582335567982670ec49bcb29f950075b7c8b85bb422ef53",
    "_normalized_url": "https://www.kauppalehti.fi/yritykset/yritys/20775006",
    "_source_type": "firehose",
    "_matched_rule": "update",
    "_page_category": ""
  }
]

Total: 1 articles
[2026-03-19T04:11:02Z] No new content to commit
[2026-03-19T04:11:02Z] firehose_cron done
[2026-03-19T04:20:02Z] firehose_cron starting
[firehose] Polling stream (since=20m, last_id=2-279440187)...
[firehose] Received 2 SSE events
[firehose] 0 events → 0 unique articles
[]

Total: 0 articles
[2026-03-19T04:21:03Z] No new content to commit
[2026-03-19T04:21:03Z] firehose_cron done
[2026-03-19T04:30:01Z] firehose_cron starting
[firehose] Polling stream (since=20m, last_id=2-279440187)...
[firehose] Received 5 SSE events
[firehose] Poll error: list index out of range
[firehose] 1 events → 1 unique articles
[
  {
    "title": "Verovapaat kasinot > Valitse verovapaa nettikasino! (2026)",
    "description": "",
    "link": "https://www.kasinoranking.com/verovapaat-nettikasinot/",
    "published": "2026-03-19T04:31:02.955800+00:00",
    "source": "Firehose",
    "language": "fi",
    "fingerprint": "9c5b11fd4058cbb0eca6e7450bc8bd9804298032924bbf0a172d1fc9a4997584",
    "_url_hash": "7983e9086d11d86ef838babb1ade67fceacc4358bedc9e9f40a9a59715980a73",
    "_normalized_url": "https://www.kasinoranking.com/verovapaat-nettikasinot",
    "_source_type": "firehose",
    "_matched_rule": "update",
    "_page_category": "/Games"
  }
]

Total: 1 articles
[2026-03-19T04:31:02Z] No new content to commit
[2026-03-19T04:31:02Z] firehose_cron done
[2026-03-19T04:40:01Z] firehose_cron starting
[firehose] Polling stream (since=20m, last_id=2-279537654)...
[firehose] Received 7 SSE events
[firehose] Poll error: list index out of range
[firehose] 0 events → 0 unique articles
[]

Total: 0 articles
[2026-03-19T04:41:02Z] No new content to commit
[2026-03-19T04:41:02Z] firehose_cron done
[2026-03-19T04:50:01Z] firehose_cron starting
[firehose] Polling stream (since=20m, last_id=2-279537670)...
[firehose] Received 9 SSE events
[firehose] Poll error: list index out of range
[firehose] 0 events → 0 unique articles
[]

Total: 0 articles
[2026-03-19T04:51:02Z] No new content to commit
[2026-03-19T04:51:02Z] firehose_cron done
[2026-03-19T05:00:01Z] firehose_cron starting
[firehose] Polling stream (since=20m, last_id=2-279564181)...
[firehose] Received 13 SSE events
[firehose] Poll error: list index out of range
[firehose] 0 events → 0 unique articles
[]

Total: 0 articles
[2026-03-19T05:01:02Z] No new content to commit
[2026-03-19T05:01:02Z] firehose_cron done
[2026-03-19T05:10:01Z] firehose_cron starting
[firehose] Polling stream (since=20m, last_id=2-279564475)...
[firehose] Received 15 SSE events
[firehose] Poll error: list index out of range
[firehose] 0 events → 0 unique articles
[]

Total: 0 articles
[2026-03-19T05:11:03Z] No new content to commit
[2026-03-19T05:11:03Z] firehose_cron done
[2026-03-19T05:20:01Z] firehose_cron starting
[firehose] Polling stream (since=20m, last_id=2-279564517)...
[firehose] Received 16 SSE events
[firehose] Poll error: list index out of range
[firehose] 0 events → 0 unique articles
[]

Total: 0 articles
[2026-03-19T05:21:02Z] No new content to commit
[2026-03-19T05:21:02Z] firehose_cron done
[2026-03-19T05:30:01Z] firehose_cron starting
[firehose] Polling stream (since=20m, last_id=2-279570461)...
[firehose] Received 18 SSE events
[firehose] Poll error: list index out of range
[firehose] 0 events → 0 unique articles
[]

Total: 0 articles
[2026-03-19T05:31:03Z] No new content to commit
[2026-03-19T05:31:03Z] firehose_cron done
[2026-03-19T05:40:01Z] firehose_cron starting
[firehose] Polling stream (since=20m, last_id=2-279595553)...
[firehose] Received 21 SSE events
[firehose] Poll error: list index out of range
[firehose] 0 events → 0 unique articles
[]

Total: 0 articles
[2026-03-19T05:41:03Z] No new content to commit
[2026-03-19T05:41:03Z] firehose_cron done
[2026-03-19T05:50:02Z] firehose_cron starting
[firehose] Polling stream (since=20m, last_id=2-279597401)...
[firehose] Received 22 SSE events
[firehose] Poll error: list index out of range
[firehose] 0 events → 0 unique articles
[]

Total: 0 articles
[2026-03-19T05:51:03Z] No new content to commit
[2026-03-19T05:51:03Z] firehose_cron done
[2026-03-19T06:00:01Z] firehose_cron starting
[firehose] Polling stream (since=20m, last_id=2-279620904)...
[firehose] Received 27 SSE events
[firehose] Poll error: list index out of range
[firehose] 0 events → 0 unique articles
[]

Total: 0 articles
[2026-03-19T06:01:03Z] No new content to commit
[2026-03-19T06:01:03Z] firehose_cron done
[2026-03-19T06:10:01Z] firehose_cron starting
[firehose] Polling stream (since=20m, last_id=2-279620956)...
[firehose] Received 28 SSE events
[firehose] Poll error: list index out of range
[firehose] 0 events → 0 unique articles
[]

Total: 0 articles
[2026-03-19T06:11:02Z] No new content to commit
[2026-03-19T06:11:02Z] firehose_cron done
[2026-03-19T06:20:01Z] firehose_cron starting
[firehose] Polling stream (since=20m, last_id=2-279621225)...
[firehose] Received 25 SSE events
[firehose] Poll error: list index out of range
[firehose] 1 events → 1 unique articles
[
  {
    "title": "Siru Mobile kasinot 2026 – Tee casino talletus laskulla| Bonusetu.com",
    "description": "",
    "link": "https://bonusetu.com/siru-mobile-kasinot/",
    "published": "2026-03-19T06:21:03.379472+00:00",
    "source": "Firehose",
    "language": "fi",
    "fingerprint": "5753ab12711956216da13707cba03afeee9b9b87100ecb2c0a1dc623548e2e5b",
    "_url_hash": "6b0d93355e66693aa5b8025c8704a299a9e1f0fccc1fb54d6acfd6189ca70d84",
    "_normalized_url": "https://bonusetu.com/siru-mobile-kasinot",
    "_source_type": "firehose",
    "_matched_rule": "update",
    "_page_category": "/Games"
  }
]

Total: 1 articles
[2026-03-19T06:21:03Z] No new content to commit
[2026-03-19T06:21:03Z] firehose_cron done
[2026-03-19T06:30:01Z] firehose_cron starting
[firehose] Polling stream (since=20m, last_id=2-279651151)...
[firehose] Received 27 SSE events
[firehose] Poll error: list index out of range
[firehose] 1 events → 1 unique articles
[
  {
    "title": "Kasinobonukset 2026 - Ota nopein kasino bonus tästä",
    "description": "",
    "link": "https://pika-kasinot.com/kasinobonukset/",
    "published": "2026-03-19T06:31:03.250187+00:00",
    "source": "Firehose",
    "language": "fi",
    "fingerprint": "dcb0f42faf40967a37ced3af80b751a38debc8de307b11d567ecb092aaee1bf1",
    "_url_hash": "00f6d620203602073b90004308929f07c77520eec9c1bbedc249af23ef4dbb69",
    "_normalized_url": "https://pika-kasinot.com/kasinobonukset",
    "_source_type": "firehose",
    "_matched_rule": "update",
    "_page_category": "/Games"
  }
]

Total: 1 articles
[2026-03-19T06:31:03Z] No new content to commit
[2026-03-19T06:31:03Z] firehose_cron done
[2026-03-19T06:40:01Z] firehose_cron starting
[firehose] Polling stream (since=20m, last_id=2-279676360)...
[firehose] Received 26 SSE events
[firehose] Poll error: list index out of range
[firehose] 0 events → 0 unique articles
[]

Total: 0 articles
[2026-03-19T06:41:03Z] No new content to commit
[2026-03-19T06:41:03Z] firehose_cron done
[2026-03-19T06:50:01Z] firehose_cron starting
[firehose] Polling stream (since=20m, last_id=2-279676533)...
[firehose] Received 28 SSE events
[firehose] Poll error: list index out of range
[firehose] 1 events → 1 unique articles
[
  {
    "title": "Revolut Casino - Löydä maaliskuun parhaat Revolut-kasinot 2026!",
    "description": "",
    "link": "https://pikakasinolle.com/maksutavat/revolut-casino/",
    "published": "2026-03-19T06:51:03.269857+00:00",
    "source": "Firehose",
    "language": "fi",
    "fingerprint": "337d5da755e0009f8b5186c6de1e57978ed8475f66d4c266fd8b7212f3a6eabc",
    "_url_hash": "634e67ae4265e2ee5cc46657054537c8e9ff5ef87506c8ab22446a9c72d49d68",
    "_normalized_url": "https://pikakasinolle.com/maksutavat/revolut-casino",
    "_source_type": "firehose",
    "_matched_rule": "update",
    "_page_category": "/Games"
  }
]

Total: 1 articles
[2026-03-19T06:51:03Z] No new content to commit
[2026-03-19T06:51:03Z] firehose_cron done
[2026-03-19T07:00:01Z] firehose_cron starting
[firehose] Polling stream (since=20m, last_id=2-279705325)...
[firehose] Received 28 SSE events
[firehose] Poll error: list index out of range
[firehose] 0 events → 0 unique articles
[]

Total: 0 articles
[2026-03-19T07:01:03Z] No new content to commit
[2026-03-19T07:01:03Z] firehose_cron done
[2026-03-19T07:10:01Z] firehose_cron starting
[firehose] Polling stream (since=20m, last_id=2-279729792)...
[firehose] Received 30 SSE events
[firehose] Poll error: list index out of range
[firehose] 0 events → 0 unique articles
[]

Total: 0 articles
[2026-03-19T07:11:02Z] No new content to commit
[2026-03-19T07:11:02Z] firehose_cron done
[2026-03-19T07:20:01Z] firehose_cron starting
[firehose] Polling stream (since=20m, last_id=2-279730031)...
[firehose] Received 29 SSE events
[firehose] Poll error: list index out of range
[firehose] 0 events → 0 unique articles
[]

Total: 0 articles
[2026-03-19T07:21:02Z] No new content to commit
[2026-03-19T07:21:02Z] firehose_cron done
[2026-03-19T07:30:01Z] firehose_cron starting
[firehose] Polling stream (since=20m, last_id=2-279758320)...
[firehose] Received 17 SSE events
[firehose] Poll error: list index out of range
[firehose] 0 events → 0 unique articles
[]

Total: 0 articles
[2026-03-19T07:31:02Z] No new content to commit
[2026-03-19T07:31:02Z] firehose_cron done
[2026-03-19T07:40:01Z] firehose_cron starting
[firehose] Polling stream (since=20m, last_id=2-279784201)...
[firehose] Received 18 SSE events
[firehose] Poll error: list index out of range
[firehose] 0 events → 0 unique articles
[]

Total: 0 articles
[2026-03-19T07:41:02Z] No new content to commit
[2026-03-19T07:41:02Z] firehose_cron done
[2026-03-19T07:50:01Z] firehose_cron starting
[firehose] Polling stream (since=20m, last_id=2-279784985)...
[firehose] Received 16 SSE events
[firehose] Poll error: list index out of range
[firehose] 0 events → 0 unique articles
[]

Total: 0 articles
[2026-03-19T07:51:02Z] No new content to commit
[2026-03-19T07:51:02Z] firehose_cron done
[2026-03-19T08:00:01Z] firehose_cron starting
[firehose] Polling stream (since=20m, last_id=2-279785015)...
[firehose] Received 17 SSE events
[firehose] Poll error: list index out of range
[firehose] 0 events → 0 unique articles
[]

Total: 0 articles
[2026-03-19T08:01:02Z] No new content to commit
[2026-03-19T08:01:02Z] firehose_cron done
[2026-03-19T08:10:01Z] firehose_cron starting
[firehose] Polling stream (since=20m, last_id=2-279785118)...
[firehose] Received 13 SSE events
[firehose] Poll error: list index out of range
[firehose] 0 events → 0 unique articles
[]

Total: 0 articles
[2026-03-19T08:11:03Z] No new content to commit
[2026-03-19T08:11:03Z] firehose_cron done
[2026-03-19T08:20:01Z] firehose_cron starting
[firehose] Polling stream (since=20m, last_id=2-279819722)...
[firehose] Received 14 SSE events
[firehose] Poll error: list index out of range
[firehose] 0 events → 0 unique articles
[]

Total: 0 articles
[2026-03-19T08:21:03Z] No new content to commit
[2026-03-19T08:21:03Z] firehose_cron done
[2026-03-19T08:30:01Z] firehose_cron starting
[firehose] Polling stream (since=20m, last_id=2-279848950)...
[firehose] Received 16 SSE events
[firehose] Poll error: list index out of range
[firehose] 0 events → 0 unique articles
[]

Total: 0 articles
[2026-03-19T08:31:02Z] No new content to commit
[2026-03-19T08:31:02Z] firehose_cron done
[2026-03-19T08:40:01Z] firehose_cron starting
[firehose] Polling stream (since=20m, last_id=2-279849323)...
[firehose] Received 12 SSE events
[firehose] Poll error: list index out of range
[firehose] 0 events → 0 unique articles
[]

Total: 0 articles
[2026-03-19T08:41:02Z] No new content to commit
[2026-03-19T08:41:02Z] firehose_cron done
[2026-03-19T08:50:01Z] firehose_cron starting
[firehose] Polling stream (since=20m, last_id=2-279849497)...
[firehose] Received 10 SSE events
[firehose] Poll error: list index out of range
[firehose] 0 events → 0 unique articles
[]

Total: 0 articles
[2026-03-19T08:51:02Z] No new content to commit
[2026-03-19T08:51:02Z] firehose_cron done
[2026-03-19T09:00:01Z] firehose_cron starting
[firehose] Polling stream (since=20m, last_id=2-279849820)...
[firehose] Received 13 SSE events
[firehose] Poll error: list index out of range
[firehose] 0 events → 0 unique articles
[]

Total: 0 articles
[2026-03-19T09:01:03Z] No new content to commit
[2026-03-19T09:01:03Z] firehose_cron done
[2026-03-19T09:10:01Z] firehose_cron starting
[firehose] Polling stream (since=20m, last_id=2-279850021)...
[firehose] Received 8 SSE events
[firehose] Poll error: list index out of range
[firehose] 0 events → 0 unique articles
[]

Total: 0 articles
[2026-03-19T09:11:03Z] No new content to commit
[2026-03-19T09:11:03Z] firehose_cron done
[2026-03-19T09:20:01Z] firehose_cron starting
[firehose] Polling stream (since=20m, last_id=2-279888859)...
[firehose] Received 11 SSE events
[firehose] Poll error: list index out of range
[firehose] 0 events → 0 unique articles
[]

Total: 0 articles
[2026-03-19T09:21:05Z] No new content to commit
[2026-03-19T09:21:05Z] firehose_cron done
[2026-03-19T09:30:01Z] firehose_cron starting
[firehose] Polling stream (since=20m, last_id=2-279888868)...
[firehose] Received 7 SSE events
[firehose] Poll error: list index out of range
[firehose] 0 events → 0 unique articles
[]

Total: 0 articles
[2026-03-19T09:31:03Z] No new content to commit
[2026-03-19T09:31:03Z] firehose_cron done
[2026-03-19T09:40:01Z] firehose_cron starting
[firehose] Polling stream (since=20m, last_id=2-279922430)...
[firehose] Received 15 SSE events
[firehose] Poll error: list index out of range
[firehose] 1 events → 1 unique articles
[
  {
    "title": "Dovre Group Oyj (DOV1V) | Pörssi | Kauppalehti",
    "description": "",
    "link": "https://www.kauppalehti.fi/porssi/porssikurssit/osake/XHEL/DOV1V",
    "published": "2026-03-19T09:41:03.030491+00:00",
    "source": "Firehose",
    "language": "fi",
    "fingerprint": "d9c6e34690af787fba87c7f60ef59bb5366690ca130fc831a745509f47ec8eb4",
    "_url_hash": "7d944ec8f496fc130f9015fea37e41e31e28a07798d9fb43a07d67b77c9401f9",
    "_normalized_url": "https://www.kauppalehti.fi/porssi/porssikurssit/osake/XHEL/DOV1V",
    "_source_type": "firehose",
    "_matched_rule": "update",
    "_page_category": "/Finance",
    "category_hint": "Talous"
  }
]

Total: 1 articles
[2026-03-19T09:41:03Z] No new content to commit
[2026-03-19T09:41:03Z] firehose_cron done
[2026-03-19T09:50:01Z] firehose_cron starting
[firehose] Polling stream (since=20m, last_id=2-279959364)...
[firehose] Received 24 SSE events
[firehose] Poll error: list index out of range
[firehose] 1 events → 1 unique articles
[
  {
    "title": "Wärtsilä Oyj Abp (WRT1V) | Pörssi | Kauppalehti",
    "description": "",
    "link": "https://www.kauppalehti.fi/porssi/porssikurssit/osake/XHEL/WRT1V",
    "published": "2026-03-19T09:51:02.662969+00:00",
    "source": "Firehose",
    "language": "fi",
    "fingerprint": "1d9745bdb51555fa3e41f8ed984bc8dce90729ab843058cef5c37eefc90e265f",
    "_url_hash": "ac9be0b689fb483154d07614f9f184cba3ee77052681e0a283e22d8de31bfbd3",
    "_normalized_url": "https://www.kauppalehti.fi/porssi/porssikurssit/osake/XHEL/WRT1V",
    "_source_type": "firehose",
    "_matched_rule": "update",
    "_page_category": "/Finance",
    "category_hint": "Talous"
  }
]

Total: 1 articles
[2026-03-19T09:51:02Z] No new content to commit
[2026-03-19T09:51:02Z] firehose_cron done
[2026-03-19T10:00:01Z] firehose_cron starting
[firehose] Polling stream (since=20m, last_id=2-280047752)...
[firehose] Received 19 SSE events
[firehose] 17 events → 15 unique articles
[
  {
    "title": "Farmi Suomi: Yksi kilpailija tylyttää rajusti muita tuvan pöydässä - Ilta-Sanomat",
    "description": "",
    "link": "https://www.is.fi/tv-ja-elokuvat/art-2000011887162.html",
    "published": "2026-03-19T10:01:02.866343+00:00",
    "source": "Firehose",
    "language": "fi",
    "fingerprint": "c95a566b7fad9c72e7ab45d612661be7b4d46eea2561e7bd043bab7fba7477cc",
    "_url_hash": "b4c2b0c6099731b02405b4bcc33c8232967ea4d01f15f3057e57d7384e738ca9",
    "_normalized_url": "https://www.is.fi/tv-ja-elokuvat/art-2000011887162.html",
    "_source_type": "firehose",
    "_matched_rule": "update",
    "_page_category": ""
  },
  {
    "title": "Ilta-Sanomien Neloset-sanapeli - Ilta-Sanomat",
    "description": "",
    "link": "https://www.is.fi/kotimaa/art-2000011884336.html",
    "published": "2026-03-19T10:01:02.866682+00:00",
    "source": "Firehose",
    "language": "fi",
    "fingerprint": "76f550edb894f902aa2f30a103767496e3f6f366a9c0758d05f372a58d611839",
    "_url_hash": "cdf7df3435d40ddb4c549dd33752345e9a5fd95b8be6a2c4081a2988dfac0715",
    "_normalized_url": "https://www.is.fi/kotimaa/art-2000011884336.html",
    "_source_type": "firehose",
    "_matched_rule": "update",
    "_page_category": ""
  },
  {
    "title": "THL:n asiantuntijan mukaan Britannian tappajabakteerissa on jotain erityistä - Ilta-Sanomat",
    "description": "",
    "link": "https://www.is.fi/kotimaa/art-2000011887901.html",
    "published": "2026-03-19T10:01:02.866834+00:00",
    "source": "Firehose",
    "language": "fi",
    "fingerprint": "41c16cc1d112422bff8520c8b6b57f48bbd44eb12f2ebf59915bbc453e149dde",
    "_url_hash": "bc23d73dc628e78233ca4b69136cbf68a7734e9d8e4febfa4c586ed774ebad2f",
    "_normalized_url": "https://www.is.fi/kotimaa/art-2000011887901.html",
    "_source_type": "firehose",
    "_matched_rule": "update",
    "_page_category": ""
  },
  {
    "title": "Paras palautusprosentti täältä » Löydä paras RTP casino 2026",
    "description": "",
    "link": "https://verovapaatnettikasinot.org/paras-palautusprosentti/",
    "published": "2026-03-19T10:01:02.866902+00:00",
    "source": "Firehose",
    "language": "fi",
    "fingerprint": "ce1956431e4f9213f109049ba3871b02f6098053d0f200a22fd7f2f14890d0d6",
    "_url_hash": "ec4b7e8dd831325421fc6c60f98e08e55f83a962a307b4372583c76fdd72811e",
    "_normalized_url": "https://verovapaatnettikasinot.org/paras-palautusprosentti",
    "_source_type": "firehose",
    "_matched_rule": "update",
    "_page_category": "/Games"
  },
  {
    "title": "Renkaiden kunto / Renkaiden vaihto ja huolto / Nokian Renkaiden asiakaspalvelu / Nokian Renkaat",
    "description": "",
    "link": "https://www.nokianrenkaat.fi/asiakaspalvelu/renkaiden-vaihto-ja-huolto/renkaiden-kunto/",
    "published": "2026-03-19T10:01:02.866962+00:00",
    "source": "Firehose",
    "language": "fi",
    "fingerprint": "c04bce28673dc290e023f24f20d9e1f247b665274e36f38ba06222d6b842b4de",
    "_url_hash": "b3b3edb963dd655ddfe788dcf6d0b94f481af5e6f3b4e553f60ebba0be6f15eb",
    "_normalized_url": "https://www.nokianrenkaat.fi/asiakaspalvelu/renkaiden-vaihto-ja-huolto/renkaiden-kunto",
    "_source_type": "firehose",
    "_matched_rule": "update",
    "_page_category": "/Autos_and_Vehicles"
  }
]

Total: 15 articles
[2026-03-19T10:01:02Z] No new content to commit
[2026-03-19T10:01:02Z] firehose_cron done
[2026-03-19T10:10:01Z] firehose_cron starting
[firehose] Polling stream (since=20m, last_id=2-280514071)...
[firehose] Received 26 SSE events
[firehose] 24 events → 23 unique articles
[
  {
    "title": "Pesulapalvelut yrityksille Siilinjärvi | Yritykset | Kauppalehti yrityshaku",
    "description": "",
    "link": "https://www.kauppalehti.fi/yritykset/paikkakunta/SC_749/toimiala/CD_96011",
    "published": "2026-03-19T10:11:03.123425+00:00",
    "source": "Firehose",
    "language": "fi",
    "fingerprint": "5afbef7edf5bcbd61affcf0a43351bd7ef0668d15c7a06850e3a298dd1eccdc6",
    "_url_hash": "fecba36f0bbdbe1bf2680d51ed6f4f9a93c06382ff3936eaf331342ed5e95dcf",
    "_normalized_url": "https://www.kauppalehti.fi/yritykset/paikkakunta/SC_749/toimiala/CD_96011",
    "_source_type": "firehose",
    "_matched_rule": "update",
    "_page_category": ""
  },
  {
    "title": "Muiden henkilökohtaisten ja kotitaloustavaroiden korjaus | Kauppalehti yrityshaku",
    "description": "",
    "link": "https://www.kauppalehti.fi/yritykset/toimiala/CD_95290",
    "published": "2026-03-19T10:11:03.123619+00:00",
    "source": "Firehose",
    "language": "fi",
    "fingerprint": "5b6829d605fe2434f5a2fe369067b7db94f383a9da9f5966fa14adc58fdada00",
    "_url_hash": "a431af829682f41efe3d3824ce0d6083ca84d83549fffce4bd7980a349ad24df",
    "_normalized_url": "https://www.kauppalehti.fi/yritykset/toimiala/CD_95290",
    "_source_type": "firehose",
    "_matched_rule": "update",
    "_page_category": ""
  },
  {
    "title": "Ammattisijoittaja listaa: Nämä osakkeet voivat hyötyä yllättävästä trendistä | Talouselämä",
    "description": "",
    "link": "https://www.talouselama.fi/uutiset/a/cea95a3a-e91a-43c5-ae77-3ee39d02ea45",
    "published": "2026-03-19T10:11:03.123655+00:00",
    "source": "Firehose",
    "language": "fi",
    "fingerprint": "73756192489c9f7d7def23322c1f5f5f63ca0582274a911a6bfc1e7b10663693",
    "_url_hash": "edd3c0902fce4f6de5823f4f724dd87975ccfe962789181325543323f37c4992",
    "_normalized_url": "https://www.talouselama.fi/uutiset/a/cea95a3a-e91a-43c5-ae77-3ee39d02ea45",
    "_source_type": "firehose",
    "_matched_rule": "update",
    "_page_category": ""
  },
  {
    "title": "Finnair peruu lisää lentoja - Ilta-Sanomat",
    "description": "",
    "link": "https://www.is.fi/taloussanomat/art-2000011890236.html",
    "published": "2026-03-19T10:11:03.123682+00:00",
    "source": "Firehose",
    "language": "fi",
    "fingerprint": "2085f59253624fb7e27756981488278190afd4d7ae1ee0df0bd6bc391a870aa7",
    "_url_hash": "ab032f2c8db859193237fcfbd4a42245d87d7ac488359ff90a51ae3927617fdf",
    "_normalized_url": "https://www.is.fi/taloussanomat/art-2000011890236.html",
    "_source_type": "firehose",
    "_matched_rule": "update",
    "_page_category": ""
  },
  {
    "title": "Cashback Kasinot - Katso Uusi Cashback Casino ja Bonus Täältä!",
    "description": "",
    "link": "https://www.uudet-kassut.com/cashback-kasinot/",
    "published": "2026-03-19T10:11:03.123731+00:00",
    "source": "Firehose",
    "language": "fi",
    "fingerprint": "743cbd51f032818801fb04f58007df2f0f0962f041fc9ba0ba3775e0b208a82c",
    "_url_hash": "c1eaa988fc8bc4cb05d1dddedc468b5ea8d83429e16e6a3aa20f6c8c82e21eea",
    "_normalized_url": "https://www.uudet-kassut.com/cashback-kasinot",
    "_source_type": "firehose",
    "_matched_rule": "update",
    "_page_category": "/Games"
  }
]

Total: 23 articles
[2026-03-19T10:11:03Z] No new content to commit
[2026-03-19T10:11:03Z] firehose_cron done
[2026-03-19T10:20:01Z] firehose_cron starting
[firehose] Polling stream (since=20m, last_id=2-280961083)...
[firehose] Received 3 SSE events
[firehose] 1 events → 1 unique articles
[
  {
    "title": "Me Naisten kysely: mihin asiaan uskoit liian pitkään? - Ilta-Sanomat",
    "description": "",
    "link": "https://www.is.fi/menaiset/vapaalla/art-2000011888759.html",
    "published": "2026-03-19T10:21:03.333773+00:00",
    "source": "Firehose",
    "language": "fi",
    "fingerprint": "c31ec3b0bebdd17b08d5df5c58f7add26259092cf62d83686030ddfff077c93a",
    "_url_hash": "3e2589099c9942d461e96ad3dd4665fb96567fc91e2869474f0e8987729ba2a2",
    "_normalized_url": "https://www.is.fi/menaiset/vapaalla/art-2000011888759.html",
    "_source_type": "firehose",
    "_matched_rule": "update",
    "_page_category": ""
  }
]

Total: 1 articles
[2026-03-19T10:21:03Z] No new content to commit
[2026-03-19T10:21:03Z] firehose_cron done
[2026-03-19T10:30:01Z] firehose_cron starting
[firehose] Polling stream (since=20m, last_id=2-280988554)...
[firehose] Received 4 SSE events
[firehose] 2 events → 2 unique articles
[
  {
    "title": "Vanhus puukotettiin kuoliaaksi Malminkartanossa Helsingissä - Ilta-Sanomat",
    "description": "",
    "link": "https://www.is.fi/kotimaa/art-2000011890208.html",
    "published": "2026-03-19T10:31:02.979882+00:00",
    "source": "Firehose",
    "language": "fi",
    "fingerprint": "1c77a61d28d75af29580566875d24700b1d04ab973217bbd272b29d8ca0b336d",
    "_url_hash": "3578ad43fa5eb1fb5a12a1e9301d7a1fa7eb75298315f295a9ec63d0e39c7c01",
    "_normalized_url": "https://www.is.fi/kotimaa/art-2000011890208.html",
    "_source_type": "firehose",
    "_matched_rule": "update",
    "_page_category": ""
  },
  {
    "title": "Huvila ja Huussi uudistaa Nelli Matulan perheen saarimökin – katso koko jakso - Ilta-Sanomat",
    "description": "",
    "link": "https://www.is.fi/asuminen/art-2000011890725.html",
    "published": "2026-03-19T10:31:02.980404+00:00",
    "source": "Firehose",
    "language": "fi",
    "fingerprint": "36375238016c48c789577d0c1197d538cedbe4ef89645ea9f89b12e40995ec5a",
    "_url_hash": "61b5d1656633685ea86a27b9c913be18822cc10e43139a271cc3657801a51cbd",
    "_normalized_url": "https://www.is.fi/asuminen/art-2000011890725.html",
    "_source_type": "firehose",
    "_matched_rule": "update",
    "_page_category": ""
  }
]

Total: 2 articles
[2026-03-19T10:31:03Z] No new content to commit
[2026-03-19T10:31:03Z] firehose_cron done
[2026-03-19T10:40:01Z] firehose_cron starting
[firehose] Polling stream (since=20m, last_id=2-281071846)...
[firehose] Received 4 SSE events
[firehose] 2 events → 2 unique articles
[
  {
    "title": "Kronowerk Oy | Yritys- ja taloustiedot | Kauppalehti yrityshaku",
    "description": "",
    "link": "https://www.kauppalehti.fi/yritykset/yritys/31105294",
    "published": "2026-03-19T10:41:02.824054+00:00",
    "source": "Firehose",
    "language": "fi",
    "fingerprint": "212160fcaa7a49fe75497d099db816b559ca35d64e7d595aed0b9489df41c6f8",
    "_url_hash": "ff09bace4c7b974dfebc80836c26e0eebb5511a4f871699ea87d92922693f0a3",
    "_normalized_url": "https://www.kauppalehti.fi/yritykset/yritys/31105294",
    "_source_type": "firehose",
    "_matched_rule": "update",
    "_page_category": ""
  },
  {
    "title": "Itäsuomalaiset menettäneet hurjia summia huijareille - Ilta-Sanomat",
    "description": "",
    "link": "https://www.is.fi/digitoday/tietoturva/art-2000011888908.html",
    "published": "2026-03-19T10:41:02.824419+00:00",
    "source": "Firehose",
    "language": "fi",
    "fingerprint": "294a18b69dc0fdf0fbcab85ed30bb6019847ba87a331969636781a73c07e8099",
    "_url_hash": "c9426db0c2123223d9dd63251db8a94e86863665459e2231ba07bbc480769066",
    "_normalized_url": "https://www.is.fi/digitoday/tietoturva/art-2000011888908.html",
    "_source_type": "firehose",
    "_matched_rule": "update",
    "_page_category": ""
  }
]

Total: 2 articles
[2026-03-19T10:41:02Z] No new content to commit
[2026-03-19T10:41:02Z] firehose_cron done
[2026-03-19T10:50:01Z] firehose_cron starting
[firehose] Polling stream (since=20m, last_id=2-281139326)...
[firehose] Received 2 SSE events
[firehose] 0 events → 0 unique articles
[]

Total: 0 articles
[2026-03-19T10:51:02Z] No new content to commit
[2026-03-19T10:51:02Z] firehose_cron done
[2026-03-19T11:00:01Z] firehose_cron starting
[firehose] Polling stream (since=20m, last_id=2-281139326)...
[firehose] Received 3 SSE events
[firehose] 1 events → 1 unique articles
[
  {
    "title": "Sergio Perez pyysi anteeksi Valtteri Bottakselta | HS.fi",
    "description": "",
    "link": "https://www.hs.fi/urheilu/art-2000011890680.html",
    "published": "2026-03-19T11:01:03.012184+00:00",
    "source": "Firehose",
    "language": "fi",
    "fingerprint": "0d49045dfe05192dfda943f2bfb3c4a3d18b0f7ccd5f80346005d71554e2c666",
    "_url_hash": "8cd9f41ba8ed7a8f17b5647855bcb4e951374543fbcc8853990ae3d9be841ae9",
    "_normalized_url": "https://www.hs.fi/urheilu/art-2000011890680.html",
    "_source_type": "firehose",
    "_matched_rule": "update",
    "_page_category": ""
  }
]

Total: 1 articles
[2026-03-19T11:01:03Z] No new content to commit
[2026-03-19T11:01:03Z] firehose_cron done
[2026-03-19T11:10:01Z] firehose_cron starting
[firehose] Polling stream (since=20m, last_id=2-281175883)...
[firehose] Received 3 SSE events
[firehose] 1 events → 1 unique articles
[
  {
    "title": "Rafale-hävittäjät ampuneet alas ”tusinoittain” Iranin Shahed-lennokkeja 3,1 m pitkillä Mica-ohjuksilla – LT: Seurauksena kriisipalaveri Ranskassa | Tekniikka&Talous",
    "description": "",
    "link": "https://www.tekniikkatalous.fi/uutiset/a/75edf2c4-a060-4661-8804-7c083574a58c",
    "published": "2026-03-19T11:11:02.550232+00:00",
    "source": "Firehose",
    "language": "fi",
    "fingerprint": "ca58dbbcfd32d277d9fc7586419416201ce518fb1a98693de46474a5fa8ba17c",
    "_url_hash": "389b20d819d9275d42d2359fa4ff667f501c7f38753436e338d77b6e89679a96",
    "_normalized_url": "https://www.tekniikkatalous.fi/uutiset/a/75edf2c4-a060-4661-8804-7c083574a58c",
    "_source_type": "firehose",
    "_matched_rule": "update",
    "_page_category": ""
  }
]

Total: 1 articles
[2026-03-19T11:11:02Z] No new content to commit
[2026-03-19T11:11:02Z] firehose_cron done
[2026-03-19T11:20:01Z] firehose_cron starting
[firehose] Polling stream (since=20m, last_id=2-281251180)...
[firehose] Received 2 SSE events
[firehose] 0 events → 0 unique articles
[]

Total: 0 articles
[2026-03-19T11:21:02Z] No new content to commit
[2026-03-19T11:21:02Z] firehose_cron done
[2026-03-19T11:30:01Z] firehose_cron starting
[firehose] Polling stream (since=20m, last_id=2-281251180)...
[firehose] Received 7 SSE events
[firehose] 5 events → 5 unique articles
[
  {
    "title": "Rahastotoiminta Ähtäri | Yritykset | Kauppalehti yrityshaku",
    "description": "",
    "link": "https://www.kauppalehti.fi/yritykset/paikkakunta/SC_989/toimiala/CD_64300",
    "published": "2026-03-19T11:31:02.648171+00:00",
    "source": "Firehose",
    "language": "fi",
    "fingerprint": "09d148d999646f5d08f44d78528b02363a05554f4048aa301363d298be406cd9",
    "_url_hash": "1401718f2adbe14c12827bc74fb20c68be6681df1de75c7244ac96449abbf83a",
    "_normalized_url": "https://www.kauppalehti.fi/yritykset/paikkakunta/SC_989/toimiala/CD_64300",
    "_source_type": "firehose",
    "_matched_rule": "update",
    "_page_category": ""
  },
  {
    "title": "M.H. Välikangas Oy | Yritys- ja taloustiedot | Kauppalehti yrityshaku",
    "description": "",
    "link": "https://www.kauppalehti.fi/yritykset/yritys/05225436",
    "published": "2026-03-19T11:31:02.648547+00:00",
    "source": "Firehose",
    "language": "fi",
    "fingerprint": "7fe6e6190b5456750a02c60285aa4f3c42a93c317491b435367cbb813b1efc05",
    "_url_hash": "2a6214314e26748296175865ece3123ebd3e09dec54e021ba05e8aface4bfa8f",
    "_normalized_url": "https://www.kauppalehti.fi/yritykset/yritys/05225436",
    "_source_type": "firehose",
    "_matched_rule": "update",
    "_page_category": ""
  },
  {
    "title": "Sota eskaloituu – Trumpilta raivoisa uhkaus | Kauppalehti",
    "description": "",
    "link": "https://www.kauppalehti.fi/uutiset/a/911f66ac-e1a0-4808-9195-1d66186ec62b",
    "published": "2026-03-19T11:31:02.648642+00:00",
    "source": "Firehose",
    "language": "fi",
    "fingerprint": "4e956c41b891a74cf2e0deeacb0df2a8fab837f4b7bb3cc2721aa797f2c3f3b7",
    "_url_hash": "462ff3ed66e0bcbbbe70f58f46e85f0f4e5cd45528008a7fa05cbcfc1aa99a04",
    "_normalized_url": "https://www.kauppalehti.fi/uutiset/a/911f66ac-e1a0-4808-9195-1d66186ec62b",
    "_source_type": "firehose",
    "_matched_rule": "update",
    "_page_category": ""
  },
  {
    "title": "Uudet Pay N Play Kasinot 2026 | Uusin Pay N Play Casino Lista",
    "description": "",
    "link": "https://www.uudet-kassut.com/pay-n-play-kasinot/",
    "published": "2026-03-19T11:31:02.648769+00:00",
    "source": "Firehose",
    "language": "fi",
    "fingerprint": "ea87c03fd548e28cfaf1162c9e6f2ee0fe868fcd882c7e9f7d9f846264c7ef01",
    "_url_hash": "c32fb4eb603723c5dd8bc1eea171d04b475dd0542a6723005f03b57f2eee0274",
    "_normalized_url": "https://www.uudet-kassut.com/pay-n-play-kasinot",
    "_source_type": "firehose",
    "_matched_rule": "update",
    "_page_category": "/Games"
  },
  {
    "title": "Helsingin Lauttasaaressa asuva Tuulikki Veijola huolestui naapuriin kaavaillusta ydinvoimalasta | HS.fi",
    "description": "",
    "link": "https://www.hs.fi/helsinki/art-2000011878376.html",
    "published": "2026-03-19T11:31:02.648826+00:00",
    "source": "Firehose",
    "language": "fi",
    "fingerprint": "a981fbbedf599aa846b178205e7f12465cdbd68c3b20cf86b99ae78defe00fc8",
    "_url_hash": "bb2da51eae9eded1d58d27275272a05a9b37581b8ed2925654720e8329184509",
    "_normalized_url": "https://www.hs.fi/helsinki/art-2000011878376.html",
    "_source_type": "firehose",
    "_matched_rule": "update",
    "_page_category": ""
  }
]

Total: 5 articles
[2026-03-19T11:31:02Z] No new content to commit
[2026-03-19T11:31:02Z] firehose_cron done
[2026-03-19T11:40:01Z] firehose_cron starting
[firehose] Polling stream (since=20m, last_id=2-281322581)...
[firehose] Received 4 SSE events
[firehose] 2 events → 2 unique articles
[
  {
    "title": "Valasrannan Tanssileiri 24.7.-2.8.2026, Yläne, Pöytyä - tanssikurssit.fi",
    "description": "",
    "link": "https://www.tanssikurssit.fi/tapahtuma/valasrannan-tanssileiri/",
    "published": "2026-03-19T11:41:02.469314+00:00",
    "source": "Firehose",
    "language": "fi",
    "fingerprint": "83fae31c0da77622e12f85ef1c078b4739c45e5b976b7830a9562ce5a3766afe",
    "_url_hash": "923e74a392d3491bf84a3b47e7a7bd057524cf45b52863dec087d46b08127d99",
    "_normalized_url": "https://www.tanssikurssit.fi/tapahtuma/valasrannan-tanssileiri",
    "_source_type": "firehose",
    "_matched_rule": "update",
    "_page_category": "/Arts_and_Entertainment"
  },
  {
    "title": "Kommentti: Sdp ei anna rangaistuksia häirintään syyllistyneille ja se on surullinen viesti tasa-arvon päivänä - Ilta-Sanomat",
    "description": "",
    "link": "https://www.is.fi/politiikka/art-2000011890845.html",
    "published": "2026-03-19T11:41:02.469756+00:00",
    "source": "Firehose",
    "language": "fi",
    "fingerprint": "36f7c17c6fc4f059392f54451852f2b23c5bfbc1bab5c57b435f199617339f19",
    "_url_hash": "8dedecfc1122d556e910f3f0b58c7f7ee9f897fad190a3532ee86db5f04609bf",
    "_normalized_url": "https://www.is.fi/politiikka/art-2000011890845.html",
    "_source_type": "firehose",
    "_matched_rule": "update",
    "_page_category": ""
  }
]

Total: 2 articles
[2026-03-19T11:41:02Z] No new content to commit
[2026-03-19T11:41:02Z] firehose_cron done
[2026-03-19T11:50:01Z] firehose_cron starting
[firehose] Polling stream (since=20m, last_id=2-281406535)...
[firehose] Received 2 SSE events
[firehose] 0 events → 0 unique articles
[]

Total: 0 articles
[2026-03-19T11:51:03Z] No new content to commit
[2026-03-19T11:51:03Z] firehose_cron done
[2026-03-19T12:00:01Z] firehose_cron starting
[firehose] Polling stream (since=20m, last_id=2-281406535)...
[firehose] Received 5 SSE events
[firehose] 3 events → 3 unique articles
[
  {
    "title": "Jokeri tulokset tänään – Jokerin numerot 19.3.2026 | Sampokasino.fi",
    "description": "",
    "link": "https://sampokasino.fi/jokeri-tulokset/",
    "published": "2026-03-19T12:01:04.052452+00:00",
    "source": "Firehose",
    "language": "fi",
    "fingerprint": "a285e7c8a76c1cebffb07579f9a9980487cef1b520b8d118dc3b37406db9068d",
    "_url_hash": "c0efbd95482513cba6e030cd4a3c82f0fdaa3a5727669f0e952bc1c07605c556",
    "_normalized_url": "https://sampokasino.fi/jokeri-tulokset",
    "_source_type": "firehose",
    "_matched_rule": "update",
    "_page_category": "/Games"
  },
  {
    "title": "Risto Dufva: uusi päävalmentajapesti - Ilta-Sanomat",
    "description": "",
    "link": "https://www.is.fi/jaakiekko/art-2000011891038.html",
    "published": "2026-03-19T12:01:04.052896+00:00",
    "source": "Firehose",
    "language": "fi",
    "fingerprint": "4dbfa1253aceb72e87fd2e22f98cb9ad30a7ea8bd7877654533b4a5043c6a9d5",
    "_url_hash": "453dd3c9f5a14e3cf1aa02783eee45d92656a6bf2104c181679a7ae4c3cf133a",
    "_normalized_url": "https://www.is.fi/jaakiekko/art-2000011891038.html",
    "_source_type": "firehose",
    "_matched_rule": "update",
    "_page_category": ""
  },
  {
    "title": "Applen ylistetty edullinen läppäri paljastaa, miten tietokonevalmistajat ovat unohtaneet käyttäjät | HS.fi",
    "description": "",
    "link": "https://www.hs.fi/visio/art-2000011887678.html",
    "published": "2026-03-19T12:01:04.052992+00:00",
    "source": "Firehose",
    "language": "fi",
    "fingerprint": "3481c1fd716dccdd10d23d3fdb2bb5d9e73722367658ba9c4a5e20bc96866eaf",
    "_url_hash": "de4c0d53d090532e0c05167a6af11dcd2854a92c8901a2b724fc865c1f4be7a3",
    "_normalized_url": "https://www.hs.fi/visio/art-2000011887678.html",
    "_source_type": "firehose",
    "_matched_rule": "update",
    "_page_category": ""
  }
]

Total: 3 articles
[2026-03-19T12:01:04Z] No new content to commit
[2026-03-19T12:01:04Z] firehose_cron done
[2026-03-19T12:10:01Z] firehose_cron starting
[firehose] Polling stream (since=20m, last_id=2-281496898)...
[firehose] Received 4 SSE events
[firehose] 2 events → 2 unique articles
[
  {
    "title": "DR: Tanska varautui Yhdysvaltojen hyökkäykseen - Ilta-Sanomat",
    "description": "",
    "link": "https://www.is.fi/ulkomaat/art-2000011890897.html",
    "published": "2026-03-19T12:11:02.920918+00:00",
    "source": "Firehose",
    "language": "fi",
    "fingerprint": "f770ad3b556f6cb076639524628e97b646cdfb80464754aa1daed422817f2d28",
    "_url_hash": "a5c91e0ed8ab8fcbb1cc2321bc0c081d37c509279f5e3aab8740ca2f0d27ff95",
    "_normalized_url": "https://www.is.fi/ulkomaat/art-2000011890897.html",
    "_source_type": "firehose",
    "_matched_rule": "update",
    "_page_category": ""
  },
  {
    "title": "Bilindustrin - Allt inom bilvärlden",
    "description": "",
    "link": "https://www.bilindustrin.se/",
    "published": "2026-03-19T12:11:02.921214+00:00",
    "source": "Firehose",
    "language": "fi",
    "fingerprint": "4e03b405464c47473338d7d13f7df89cda5949a822ab9f34d95c758ab95da898",
    "_url_hash": "69fb0840f70c0a50dd8563ad997252869e8bb662d748ae045144e2d998aa57e1",
    "_normalized_url": "https://www.bilindustrin.se/",
    "_source_type": "firehose",
    "_matched_rule": "update",
    "_page_category": "/Games"
  }
]

Total: 2 articles
[2026-03-19T12:11:02Z] No new content to commit
[2026-03-19T12:11:02Z] firehose_cron done
[2026-03-19T12:20:01Z] firehose_cron starting
[firehose] Polling stream (since=20m, last_id=2-281576017)...
[firehose] Received 2 SSE events
[firehose] 0 events → 0 unique articles
[]

Total: 0 articles
[2026-03-19T12:21:02Z] No new content to commit
[2026-03-19T12:21:02Z] firehose_cron done
[2026-03-19T12:30:01Z] firehose_cron starting
[firehose] Polling stream (since=20m, last_id=2-281576017)...
[firehose] Received 6 SSE events
[firehose] 4 events → 4 unique articles
[
  {
    "title": "Uudet kasinot 2026 - parhaat uudet nettikasinot Suomessa",
    "description": "",
    "link": "https://uudetkasino.com/",
    "published": "2026-03-19T12:31:03.027117+00:00",
    "source": "Firehose",
    "language": "fi",
    "fingerprint": "21312c9633e02be4127fab1a7eddda9eb51188d94eaf4b968ea4d6e0facb049f",
    "_url_hash": "188d55787475b26d2dbe7cce3b8e2a19ae37aa152619c8e46e20151ee2b3260f",
    "_normalized_url": "https://uudetkasino.com/",
    "_source_type": "firehose",
    "_matched_rule": "update",
    "_page_category": "/Games"
  },
  {
    "title": "Lordi ja Erika Vikman esiintyvät Euroviisuissa | HS.fi",
    "description": "",
    "link": "https://www.hs.fi/kulttuuri/art-2000011891176.html",
    "published": "2026-03-19T12:31:03.027454+00:00",
    "source": "Firehose",
    "language": "fi",
    "fingerprint": "3d8fcd286b51c5c302895f4c10bb493f6f22610a4e13bc7c2032da989addde50",
    "_url_hash": "283f8b9c508bddec7a4321a4a5dda0c4179aab5cb8b788e6bb2d58e29c019522",
    "_normalized_url": "https://www.hs.fi/kulttuuri/art-2000011891176.html",
    "_source_type": "firehose",
    "_matched_rule": "update",
    "_page_category": ""
  },
  {
    "title": "Verottaja hellii sähköistä lava-autoa, mutta kulutus talvella säikäyttää | HS.fi",
    "description": "",
    "link": "https://www.hs.fi/visio/art-2000011839815.html",
    "published": "2026-03-19T12:31:03.027546+00:00",
    "source": "Firehose",
    "language": "fi",
    "fingerprint": "64067dae43b9ef0e3f95c92ad33ad469a9bb6890640dd8fa8fee3a31e0d30901",
    "_url_hash": "2d8704b2051c8d634cf98c3417b432692d77662534e3797e24933f2874b259c0",
    "_normalized_url": "https://www.hs.fi/visio/art-2000011839815.html",
    "_source_type": "firehose",
    "_matched_rule": "update",
    "_page_category": ""
  },
  {
    "title": "Parempi 5 dollaria minimaalinen talletuspelausyritykset 2025 -sijoituksen sisällä ja uusimmat online-kasinobonukset analysoit – WIKIWIKI",
    "description": "",
    "link": "https://stageon.site/parempi-5-dollaria-minimaalinen-talletuspelausyritykset-2025-sijoituksen-sisalla-ja-uusimmat-online-kasinobonukset-analysoit/",
    "published": "2026-03-19T12:31:03.027623+00:00",
    "source": "Firehose",
    "language": "fi",
    "fingerprint": "49902ef25959d4806f9d7d79e9a0f7534ec8f2410b06e1b926b1cb420fecae4c",
    "_url_hash": "28b9911046e0d8eca63e3db3aa9fa4440df764055023af99a3970893897ce797",
    "_normalized_url": "https://stageon.site/parempi-5-dollaria-minimaalinen-talletuspelausyritykset-2025-sijoituksen-sisalla-ja-uusimmat-online-kasinobonukset-analysoit",
    "_source_type": "firehose",
    "_matched_rule": "update",
    "_page_category": "/Games"
  }
]

Total: 4 articles
[2026-03-19T12:31:03Z] No new content to commit
[2026-03-19T12:31:03Z] firehose_cron done
[2026-03-19T12:40:01Z] firehose_cron starting
[firehose] Polling stream (since=20m, last_id=2-281645193)...
[firehose] Received 3 SSE events
[firehose] 1 events → 1 unique articles
[
  {
    "title": "Eläketurvan keskittäminen veisi valtion ohjaukseen | HS.fi",
    "description": "",
    "link": "https://www.hs.fi/paakirjoitukset/art-2000011890701.html",
    "published": "2026-03-19T12:41:02.809184+00:00",
    "source": "Firehose",
    "language": "fi",
    "fingerprint": "7af21df5402ff14a38d01dffbfe9cc248c1f458e085455e1646713ac5529179f",
    "_url_hash": "9b34db96a1983b359faf757ffcc715138757c0b2c2132cb00d37ff5d8a51fb78",
    "_normalized_url": "https://www.hs.fi/paakirjoitukset/art-2000011890701.html",
    "_source_type": "firehose",
    "_matched_rule": "update",
    "_page_category": ""
  }
]

Total: 1 articles
[2026-03-19T12:41:02Z] No new content to commit
[2026-03-19T12:41:02Z] firehose_cron done
[2026-03-19T12:50:01Z] firehose_cron starting
[firehose] Polling stream (since=20m, last_id=2-281689371)...
[firehose] Received 2 SSE events
[firehose] 0 events → 0 unique articles
[]

Total: 0 articles
[2026-03-19T12:51:02Z] No new content to commit
[2026-03-19T12:51:02Z] firehose_cron done
[2026-03-19T13:00:01Z] firehose_cron starting
[firehose] Polling stream (since=20m, last_id=2-281689371)...
[firehose] Received 4 SSE events
[firehose] 2 events → 2 unique articles
[
  {
    "title": "Osavuosiseuranta - Alma Media (ALMA) | Pörssi | Kauppalehti",
    "description": "",
    "link": "https://www.kauppalehti.fi/porssi/porssikurssit/osake/ALMA/osavuosiseuranta",
    "published": "2026-03-19T13:01:03.077856+00:00",
    "source": "Firehose",
    "language": "fi",
    "fingerprint": "9ad90040cde5945a36f2b956140d631e6bb49f686f5fde17155e3a1511a0377c",
    "_url_hash": "4c36c074f451404ee25239e5eddc2920202daf66b38ee49053b337adc433414a",
    "_normalized_url": "https://www.kauppalehti.fi/porssi/porssikurssit/osake/ALMA/osavuosiseuranta",
    "_source_type": "firehose",
    "_matched_rule": "update",
    "_page_category": ""
  },
  {
    "title": "IUX (IUX Markets) arvostelu 2026: Arvostelu Forex-välittäjästä",
    "description": "",
    "link": "https://tradersunion.com/fi/brokers/forex/view/iux-markets/",
    "published": "2026-03-19T13:01:03.078223+00:00",
    "source": "Firehose",
    "language": "fi",
    "fingerprint": "165d14c0c5263fa172bab1c9887612ab10f367a61f95ab1e419f10f1114c33b1",
    "_url_hash": "c94d478a15bbf2bff4b0200979906853c9dfb5ead37a050c64a4eb76294900b3",
    "_normalized_url": "https://tradersunion.com/fi/brokers/forex/view/iux-markets",
    "_source_type": "firehose",
    "_matched_rule": "update",
    "_page_category": "/Finance",
    "category_hint": "Talous"
  }
]

Total: 2 articles
[2026-03-19T13:01:03Z] No new content to commit
[2026-03-19T13:01:03Z] firehose_cron done
[2026-03-19T13:10:01Z] firehose_cron starting
[firehose] Polling stream (since=20m, last_id=2-281762681)...
[firehose] Received 3 SSE events
[firehose] 1 events → 1 unique articles
[
  {
    "title": "Ruotsin tähdet eivät haluaisi kilpailla Yhdysvalloissa | HS.fi",
    "description": "",
    "link": "https://www.hs.fi/urheilu/art-2000011891117.html",
    "published": "2026-03-19T13:11:03.321077+00:00",
    "source": "Firehose",
    "language": "fi",
    "fingerprint": "6a42ab33eccf16165759a91dd0f7818b68e9b3c820249ea6c6bca079a6ef6a28",
    "_url_hash": "69166a42f9f2eead3911a7dc5023f873cdee406540b5696835dc559cc488a561",
    "_normalized_url": "https://www.hs.fi/urheilu/art-2000011891117.html",
    "_source_type": "firehose",
    "_matched_rule": "update",
    "_page_category": ""
  }
]

Total: 1 articles
[2026-03-19T13:11:03Z] No new content to commit
[2026-03-19T13:11:03Z] firehose_cron done
[2026-03-19T13:20:01Z] firehose_cron starting
[firehose] Polling stream (since=20m, last_id=2-281828812)...
[firehose] Received 2 SSE events
[firehose] 0 events → 0 unique articles
[]

Total: 0 articles
[2026-03-19T13:21:02Z] No new content to commit
[2026-03-19T13:21:02Z] firehose_cron done
[2026-03-19T13:30:02Z] firehose_cron starting
[firehose] Polling stream (since=20m, last_id=2-281828812)...
[firehose] Received 9 SSE events
[firehose] 7 events → 6 unique articles
[
  {
    "title": "Ilmaiskierroksia | Uudet Ilmaiskierrokset Ilman Kierrätystä 2026",
    "description": "",
    "link": "https://www.uudet-kassut.com/ilmaiskierroksia/",
    "published": "2026-03-19T13:31:03.409437+00:00",
    "source": "Firehose",
    "language": "fi",
    "fingerprint": "62059da75656c4cb03f59d7267cb14d1935cb692a80ceab8e7ddd00842f01822",
    "_url_hash": "1e8900ddd00e1bdcc4e0befe3e3a208d55f5c3d173888cf0291c165872c3369a",
    "_normalized_url": "https://www.uudet-kassut.com/ilmaiskierroksia",
    "_source_type": "firehose",
    "_matched_rule": "update",
    "_page_category": "/Games"
  },
  {
    "title": "Älä toimi näin hotellihuoneessa - Ilta-Sanomat",
    "description": "",
    "link": "https://www.is.fi/matkat/art-2000011884965.html",
    "published": "2026-03-19T13:31:03.409850+00:00",
    "source": "Firehose",
    "language": "fi",
    "fingerprint": "5b898e222eca652a4c9420754f6a168134257474dc6a50e72ec836ab03f8b7b7",
    "_url_hash": "402cc7952d83dba8bf40f445e7dea0e0440f56c8b41d29e4589b9baea5bab8b9",
    "_normalized_url": "https://www.is.fi/matkat/art-2000011884965.html",
    "_source_type": "firehose",
    "_matched_rule": "update",
    "_page_category": ""
  },
  {
    "title": "MegaRush Casino - Hyödynnä 10% käteispalautus joka päivä",
    "description": "",
    "link": "https://www.uudetkasinot.com/kasino/megarush-casino/",
    "published": "2026-03-19T13:31:03.409943+00:00",
    "source": "Firehose",
    "language": "fi",
    "fingerprint": "638a63b49324fdc21869d6026b8bcb0722894cc06e57012e10d2eecbcd3bf288",
    "_url_hash": "f334bf6baabbe8a3d08daca819d57a056dc9fe8c0c9574147ec674769507d551",
    "_normalized_url": "https://www.uudetkasinot.com/kasino/megarush-casino",
    "_source_type": "firehose",
    "_matched_rule": "update",
    "_page_category": "/Games"
  },
  {
    "title": "Voice.fi - Kotimainen uutismedia",
    "description": "",
    "link": "https://www.voice.fi/",
    "published": "2026-03-19T13:31:03.410008+00:00",
    "source": "Firehose",
    "language": "fi",
    "fingerprint": "d8fdc2366e950ba0379ffa27fa62bc0e46e5f4081c9527284ef48e51c5a07fe5",
    "_url_hash": "1224dc91922f85064077df54981b9f465947a81809f2d369919691d8f3e8c290",
    "_normalized_url": "https://www.voice.fi/",
    "_source_type": "firehose",
    "_matched_rule": "update",
    "_page_category": "/News"
  },
  {
    "title": "Kiinteistöhuolto ja maanrakennus Martin Oy | Yritys- ja taloustiedot | Kauppalehti yrityshaku",
    "description": "",
    "link": "https://www.kauppalehti.fi/yritykset/yritys/16252448",
    "published": "2026-03-19T13:31:03.410102+00:00",
    "source": "Firehose",
    "language": "fi",
    "fingerprint": "ff9af2ec70ed0e3deac70ba6f118fa693dac2b1696152360f16edd7123d24ff0",
    "_url_hash": "1a2f80a12edf549cbb1ee8c753ca74d959ae9d3c366528079c8d7cc1a94118f8",
    "_normalized_url": "https://www.kauppalehti.fi/yritykset/yritys/16252448",
    "_source_type": "firehose",
    "_matched_rule": "update",
    "_page_category": ""
  }
]

Total: 6 articles
[2026-03-19T13:31:03Z] No new content to commit
[2026-03-19T13:31:03Z] firehose_cron done
[2026-03-19T13:40:01Z] firehose_cron starting
[firehose] Polling stream (since=20m, last_id=2-281910678)...
[firehose] Received 4 SSE events
[firehose] 2 events → 2 unique articles
[
  {
    "title": "Asuin- ja muiden rakennusten rakentaminen Lumijoki | Yritykset | Kauppalehti yrityshaku",
    "description": "",
    "link": "https://www.kauppalehti.fi/yritykset/paikkakunta/SC_436/toimiala/CD_41200",
    "published": "2026-03-19T13:41:03.084093+00:00",
    "source": "Firehose",
    "language": "fi",
    "fingerprint": "46f6c43b939e017cd059f38292ce770912a9494548cbf87adb493301ec5dc3da",
    "_url_hash": "47924421b7c2ae3dd118f46a43ba92c056c519d2fd7e4716bfe03fb1adf55f6c",
    "_normalized_url": "https://www.kauppalehti.fi/yritykset/paikkakunta/SC_436/toimiala/CD_41200",
    "_source_type": "firehose",
    "_matched_rule": "update",
    "_page_category": ""
  },
  {
    "title": "Netum nappasi miljoonahankkeen | Tivi",
    "description": "",
    "link": "https://www.tivi.fi/uutiset/a/db7bcafa-2ce2-43f1-b71f-a893e5f23bdd",
    "published": "2026-03-19T13:41:03.084467+00:00",
    "source": "Firehose",
    "language": "fi",
    "fingerprint": "c2331c9bd77a832ff1f26a5021f060a1c6ffbbb6ab8256e6b462b671c2860dd6",
    "_url_hash": "2da33f2c70d1fa152d8f29a76de93c1a4e7e7d22039ecf010ab55020184b77e8",
    "_normalized_url": "https://www.tivi.fi/uutiset/a/db7bcafa-2ce2-43f1-b71f-a893e5f23bdd",
    "_source_type": "firehose",
    "_matched_rule": "update",
    "_page_category": ""
  }
]

Total: 2 articles
[2026-03-19T13:41:03Z] No new content to commit
[2026-03-19T13:41:03Z] firehose_cron done
[2026-03-19T13:50:01Z] firehose_cron starting
[firehose] Polling stream (since=20m, last_id=2-281992267)...
[firehose] Received 2 SSE events
[firehose] 0 events → 0 unique articles
[]

Total: 0 articles
[2026-03-19T13:51:03Z] No new content to commit
[2026-03-19T13:51:03Z] firehose_cron done
[2026-03-19T14:00:01Z] firehose_cron starting
[firehose] Polling stream (since=20m, last_id=2-281992267)...
[firehose] Received 4 SSE events
[firehose] 2 events → 2 unique articles
[
  {
    "title": "Ensiasunnon ostajat aktivoituneet – Nämä alueet vetävät nyt Uudellamaalla | Kauppalehti",
    "description": "",
    "link": "https://www.kauppalehti.fi/uutiset/a/32e63fa0-ae76-4d85-abd3-f3342d48b397",
    "published": "2026-03-19T14:01:03.323016+00:00",
    "source": "Firehose",
    "language": "fi",
    "fingerprint": "7486f0bfe1c42349026bdf99832034c85d3f1c6a67360dbea712c3d3976868a4",
    "_url_hash": "cec4a3cfd9f902452addfd15cc3e93f56de3924c3d735fd272578850bea67917",
    "_normalized_url": "https://www.kauppalehti.fi/uutiset/a/32e63fa0-ae76-4d85-abd3-f3342d48b397",
    "_source_type": "firehose",
    "_matched_rule": "update",
    "_page_category": ""
  },
  {
    "title": "Opiskelijat syyttävät: Hallitus haluaa yliopistoihin ohituskaistan maksukykyisimmille | HS.fi",
    "description": "",
    "link": "https://www.hs.fi/politiikka/art-2000011889526.html",
    "published": "2026-03-19T14:01:03.323406+00:00",
    "source": "Firehose",
    "language": "fi",
    "fingerprint": "76e4242d8354684522985d7d9a0e3c009d95aa42ab3068cd30dc29350a62246f",
    "_url_hash": "84f957dccc26b4f7ff23478d9f0d443716171fa31b5e93bb1e29e11142eb23c7",
    "_normalized_url": "https://www.hs.fi/politiikka/art-2000011889526.html",
    "_source_type": "firehose",
    "_matched_rule": "update",
    "_page_category": ""
  }
]

Total: 2 articles
[2026-03-19T14:01:03Z] No new content to commit
[2026-03-19T14:01:03Z] firehose_cron done
[2026-03-19T14:10:01Z] firehose_cron starting
[firehose] Polling stream (since=20m, last_id=2-282090993)...
[firehose] Received 4 SSE events
[firehose] 2 events → 2 unique articles
[
  {
    "title": "Luottokortti heti käyttöön – Hae helposti ilman vakuuksia 2026",
    "description": "",
    "link": "https://luotettavalaina.fi/luottokortti-heti-kayttoon-hae-helposti-ilman-vakuuksia-2026/",
    "published": "2026-03-19T14:11:04.854106+00:00",
    "source": "Firehose",
    "language": "fi",
    "fingerprint": "298b4acba459f8bef42b2f6f092b705366cf1b4ca8b6d4b1834d22be556a5322",
    "_url_hash": "fdefd7fc40af00d36deee50df2704dfd771b703a9553f97cf8623a03d414bdfc",
    "_normalized_url": "https://luotettavalaina.fi/luottokortti-heti-kayttoon-hae-helposti-ilman-vakuuksia-2026",
    "_source_type": "firehose",
    "_matched_rule": "update",
    "_page_category": "/Finance",
    "category_hint": "Talous"
  },
  {
    "title": "PÖRSSI: Helsingin pörssissä laskurymistely jatkuu – Summa Defence keikkuu kärjessä Saksa-sopimuksen siivittämänä | Kauppalehti",
    "description": "",
    "link": "https://www.kauppalehti.fi/uutiset/a/12266c23-57ac-4ef5-85ca-e301decfc3ea",
    "published": "2026-03-19T14:11:04.854343+00:00",
    "source": "Firehose",
    "language": "fi",
    "fingerprint": "f48702f4f35051ed7d36f6adad0396f93489ede593b890eb6ddc794f4c170d7e",
    "_url_hash": "4d12878298fe383a39fd1e2b86a7da88515bdbf220581d24779814d5b1e360ce",
    "_normalized_url": "https://www.kauppalehti.fi/uutiset/a/12266c23-57ac-4ef5-85ca-e301decfc3ea",
    "_source_type": "firehose",
    "_matched_rule": "update",
    "_page_category": ""
  }
]

Total: 2 articles
[2026-03-19T14:11:04Z] No new content to commit
[2026-03-19T14:11:04Z] firehose_cron done
[2026-03-19T14:20:01Z] firehose_cron starting
[firehose] Polling stream (since=20m, last_id=2-282122363)...
[firehose] Received 2 SSE events
[firehose] 0 events → 0 unique articles
[]

Total: 0 articles
[2026-03-19T14:21:08Z] No new content to commit
[2026-03-19T14:21:08Z] firehose_cron done
[2026-03-19T14:30:02Z] firehose_cron starting
